Archive member included to satisfy reference by file (symbol)

/usr/lib/gcc/arm-none-eabi/14.1.0/../../../../arm-none-eabi/lib/thumb/v7-m/nofp/libc_nano.a(libc_a-atexit.o)
                              /usr/lib/gcc/arm-none-eabi/14.1.0/../../../../arm-none-eabi/lib/thumb/v7-m/nofp/crt0.o (atexit)
/usr/lib/gcc/arm-none-eabi/14.1.0/../../../../arm-none-eabi/lib/thumb/v7-m/nofp/libc_nano.a(libc_a-exit.o)
                              /usr/lib/gcc/arm-none-eabi/14.1.0/../../../../arm-none-eabi/lib/thumb/v7-m/nofp/crt0.o (exit)
/usr/lib/gcc/arm-none-eabi/14.1.0/../../../../arm-none-eabi/lib/thumb/v7-m/nofp/libc_nano.a(libc_a-findfp.o)
                              /usr/lib/gcc/arm-none-eabi/14.1.0/../../../../arm-none-eabi/lib/thumb/v7-m/nofp/libc_nano.a(libc_a-exit.o) (__stdio_exit_handler)
/usr/lib/gcc/arm-none-eabi/14.1.0/../../../../arm-none-eabi/lib/thumb/v7-m/nofp/libc_nano.a(libc_a-fwalk.o)
                              /usr/lib/gcc/arm-none-eabi/14.1.0/../../../../arm-none-eabi/lib/thumb/v7-m/nofp/libc_nano.a(libc_a-findfp.o) (_fwalk_sglue)
/usr/lib/gcc/arm-none-eabi/14.1.0/../../../../arm-none-eabi/lib/thumb/v7-m/nofp/libc_nano.a(libc_a-stdio.o)
                              /usr/lib/gcc/arm-none-eabi/14.1.0/../../../../arm-none-eabi/lib/thumb/v7-m/nofp/libc_nano.a(libc_a-findfp.o) (__sread)
/usr/lib/gcc/arm-none-eabi/14.1.0/../../../../arm-none-eabi/lib/thumb/v7-m/nofp/libc_nano.a(libc_a-memset.o)
                              /usr/lib/gcc/arm-none-eabi/14.1.0/../../../../arm-none-eabi/lib/thumb/v7-m/nofp/crt0.o (memset)
/usr/lib/gcc/arm-none-eabi/14.1.0/../../../../arm-none-eabi/lib/thumb/v7-m/nofp/libc_nano.a(libc_a-closer.o)
                              /usr/lib/gcc/arm-none-eabi/14.1.0/../../../../arm-none-eabi/lib/thumb/v7-m/nofp/libc_nano.a(libc_a-stdio.o) (_close_r)
/usr/lib/gcc/arm-none-eabi/14.1.0/../../../../arm-none-eabi/lib/thumb/v7-m/nofp/libc_nano.a(libc_a-reent.o)
                              /usr/lib/gcc/arm-none-eabi/14.1.0/../../../../arm-none-eabi/lib/thumb/v7-m/nofp/libc_nano.a(libc_a-closer.o) (errno)
/usr/lib/gcc/arm-none-eabi/14.1.0/../../../../arm-none-eabi/lib/thumb/v7-m/nofp/libc_nano.a(libc_a-impure.o)
                              /usr/lib/gcc/arm-none-eabi/14.1.0/../../../../arm-none-eabi/lib/thumb/v7-m/nofp/libc_nano.a(libc_a-reent.o) (_impure_ptr)
/usr/lib/gcc/arm-none-eabi/14.1.0/../../../../arm-none-eabi/lib/thumb/v7-m/nofp/libc_nano.a(libc_a-lseekr.o)
                              /usr/lib/gcc/arm-none-eabi/14.1.0/../../../../arm-none-eabi/lib/thumb/v7-m/nofp/libc_nano.a(libc_a-stdio.o) (_lseek_r)
/usr/lib/gcc/arm-none-eabi/14.1.0/../../../../arm-none-eabi/lib/thumb/v7-m/nofp/libc_nano.a(libc_a-readr.o)
                              /usr/lib/gcc/arm-none-eabi/14.1.0/../../../../arm-none-eabi/lib/thumb/v7-m/nofp/libc_nano.a(libc_a-stdio.o) (_read_r)
/usr/lib/gcc/arm-none-eabi/14.1.0/../../../../arm-none-eabi/lib/thumb/v7-m/nofp/libc_nano.a(libc_a-writer.o)
                              /usr/lib/gcc/arm-none-eabi/14.1.0/../../../../arm-none-eabi/lib/thumb/v7-m/nofp/libc_nano.a(libc_a-stdio.o) (_write_r)
/usr/lib/gcc/arm-none-eabi/14.1.0/../../../../arm-none-eabi/lib/thumb/v7-m/nofp/libc_nano.a(libc_a-errno.o)
                              build/sysmem.o (__errno)
/usr/lib/gcc/arm-none-eabi/14.1.0/../../../../arm-none-eabi/lib/thumb/v7-m/nofp/libc_nano.a(libc_a-init.o)
                              /usr/lib/gcc/arm-none-eabi/14.1.0/../../../../arm-none-eabi/lib/thumb/v7-m/nofp/crt0.o (__libc_init_array)
/usr/lib/gcc/arm-none-eabi/14.1.0/../../../../arm-none-eabi/lib/thumb/v7-m/nofp/libc_nano.a(libc_a-fini.o)
                              /usr/lib/gcc/arm-none-eabi/14.1.0/../../../../arm-none-eabi/lib/thumb/v7-m/nofp/crt0.o (__libc_fini_array)
/usr/lib/gcc/arm-none-eabi/14.1.0/../../../../arm-none-eabi/lib/thumb/v7-m/nofp/libc_nano.a(libc_a-lock.o)
                              /usr/lib/gcc/arm-none-eabi/14.1.0/../../../../arm-none-eabi/lib/thumb/v7-m/nofp/libc_nano.a(libc_a-findfp.o) (__retarget_lock_init_recursive)
/usr/lib/gcc/arm-none-eabi/14.1.0/../../../../arm-none-eabi/lib/thumb/v7-m/nofp/libc_nano.a(libc_a-__atexit.o)
                              /usr/lib/gcc/arm-none-eabi/14.1.0/../../../../arm-none-eabi/lib/thumb/v7-m/nofp/libc_nano.a(libc_a-atexit.o) (__register_exitproc)
/usr/lib/gcc/arm-none-eabi/14.1.0/../../../../arm-none-eabi/lib/thumb/v7-m/nofp/libc_nano.a(libc_a-__call_atexit.o)
                              /usr/lib/gcc/arm-none-eabi/14.1.0/../../../../arm-none-eabi/lib/thumb/v7-m/nofp/libc_nano.a(libc_a-__atexit.o) (__call_exitprocs)
/usr/lib/gcc/arm-none-eabi/14.1.0/../../../../arm-none-eabi/lib/thumb/v7-m/nofp/libc_nano.a(libc_a-freer.o)
                              /usr/lib/gcc/arm-none-eabi/14.1.0/../../../../arm-none-eabi/lib/thumb/v7-m/nofp/libc_nano.a(libc_a-reent.o) (_free_r)
/usr/lib/gcc/arm-none-eabi/14.1.0/../../../../arm-none-eabi/lib/thumb/v7-m/nofp/libc_nano.a(libc_a-mallocr.o)
[...]
Memory Configuration

Name             Origin             Length             Attributes
RAM              0x20000000         0x00005000         xrw
FLASH            0x08000000         0x00010000         xr
*default*        0x00000000         0xffffffff

Linker script and memory map

LOAD /usr/lib/gcc/arm-none-eabi/14.1.0/thumb/v7-m/nofp/crti.o
LOAD /usr/lib/gcc/arm-none-eabi/14.1.0/thumb/v7-m/nofp/crtbegin.o
LOAD /usr/lib/gcc/arm-none-eabi/14.1.0/../../../../arm-none-eabi/lib/thumb/v7-m/nofp/crt0.o
LOAD build/main.o
LOAD build/gpio.o
LOAD build/tim.o
LOAD build/stm32f1xx_it.o
LOAD build/stm32f1xx_hal_msp.o
LOAD build/stm32f1xx_hal_gpio_ex.o
LOAD build/stm32f1xx_hal_tim.o
LOAD build/stm32f1xx_hal_tim_ex.o
LOAD build/stm32f1xx_hal.o
LOAD build/stm32f1xx_hal_rcc.o
LOAD build/stm32f1xx_hal_rcc_ex.o
LOAD build/stm32f1xx_hal_gpio.o
LOAD build/stm32f1xx_hal_dma.o
LOAD build/stm32f1xx_hal_cortex.o
LOAD build/stm32f1xx_hal_pwr.o
LOAD build/stm32f1xx_hal_flash.o
LOAD build/stm32f1xx_hal_flash_ex.o
LOAD build/stm32f1xx_hal_exti.o
LOAD build/system_stm32f1xx.o
LOAD build/sysmem.o
LOAD build/syscalls.o
LOAD build/startup_stm32f103xb.o
LOAD /usr/lib/gcc/arm-none-eabi/14.1.0/../../../../arm-none-eabi/lib/thumb/v7-m/nofp/libc_nano.a
LOAD /usr/lib/gcc/arm-none-eabi/14.1.0/../../../../arm-none-eabi/lib/thumb/v7-m/nofp/libm.a
LOAD /usr/lib/gcc/arm-none-eabi/14.1.0/../../../../arm-none-eabi/lib/thumb/v7-m/nofp/libnosys.a
START GROUP
LOAD /usr/lib/gcc/arm-none-eabi/14.1.0/thumb/v7-m/nofp/libgcc.a
LOAD /usr/lib/gcc/arm-none-eabi/14.1.0/../../../../arm-none-eabi/lib/thumb/v7-m/nofp/libc_nano.a
END GROUP
START GROUP
LOAD /usr/lib/gcc/arm-none-eabi/14.1.0/thumb/v7-m/nofp/libgcc.a
LOAD /usr/lib/gcc/arm-none-eabi/14.1.0/../../../../arm-none-eabi/lib/thumb/v7-m/nofp/libc_nano.a
END GROUP
LOAD /usr/lib/gcc/arm-none-eabi/14.1.0/thumb/v7-m/nofp/crtend.o
LOAD /usr/lib/gcc/arm-none-eabi/14.1.0/thumb/v7-m/nofp/crtn.o
                0x20005000                        _estack = (ORIGIN (RAM) + LENGTH (RAM))
                0x00000200                        _Min_Heap_Size = 0x200
                0x00000400                        _Min_Stack_Size = 0x400

.isr_vector     0x08000000      0x10c
                0x08000000                        . = ALIGN (0x4)
 *(.isr_vector)
 .isr_vector    0x08000000      0x10c build/startup_stm32f103xb.o
                0x08000000                g_pfnVectors
                0x0800010c                        . = ALIGN (0x4)

.text           0x0800010c     0x17f8
                0x0800010c                        . = ALIGN (0x4)
 *(.text)
 *(.text*)
 .text.__do_global_dtors_aux
                0x0800010c       0x24 /usr/lib/gcc/arm-none-eabi/14.1.0/thumb/v7-m/nofp/crtbegin.o
 .text.frame_dummy
                0x08000130       0x1c /usr/lib/gcc/arm-none-eabi/14.1.0/thumb/v7-m/nofp/crtbegin.o
 .text.Error_Handler
                0x0800014c        0x4 build/main.o
                0x0800014c                Error_Handler
 .text.SystemClock_Config
                0x08000150       0x64 build/main.o
                0x08000150                SystemClock_Config
 .text.main     0x080001b4       0x30 build/main.o
                0x080001b4                main
 .text.MX_GPIO_Init
                0x080001e4       0x54 build/gpio.o
                0x080001e4                MX_GPIO_Init
 .text.MX_TIM2_Init
                0x08000238       0xa0 build/tim.o
                0x08000238                MX_TIM2_Init
 .text.HAL_TIM_Base_MspInit
                0x080002d8       0x7c build/tim.o
                0x080002d8                HAL_TIM_Base_MspInit
 .text.HAL_TIM_MspPostInit
                0x08000354       0x50 build/tim.o
                0x08000354                HAL_TIM_MspPostInit
 .text.MX_TIM1_Init
                0x080003a4       0xf0 build/tim.o
                0x080003a4                MX_TIM1_Init
 .text.NMI_Handler
                0x08000494        0x2 build/stm32f1xx_it.o
                0x08000494                NMI_Handler
 .text.HardFault_Handler
                0x08000496        0x2 build/stm32f1xx_it.o
                0x08000496                HardFault_Handler
 .text.MemManage_Handler
                0x08000498        0x2 build/stm32f1xx_it.o
                0x08000498                MemManage_Handler
 .text.BusFault_Handler
                0x0800049a        0x2 build/stm32f1xx_it.o
                0x0800049a                BusFault_Handler
 .text.UsageFault_Handler
                0x0800049c        0x2 build/stm32f1xx_it.o
                0x0800049c                UsageFault_Handler
 .text.SVC_Handler
                0x0800049e        0x2 build/stm32f1xx_it.o
                0x0800049e                SVC_Handler
 .text.DebugMon_Handler
                0x080004a0        0x2 build/stm32f1xx_it.o
                0x080004a0                DebugMon_Handler
 .text.PendSV_Handler
                0x080004a2        0x2 build/stm32f1xx_it.o
                0x080004a2                PendSV_Handler
 .text.SysTick_Handler
                0x080004a4        0x8 build/stm32f1xx_it.o
                0x080004a4                SysTick_Handler
 .text.HAL_MspInit
                0x080004ac       0x44 build/stm32f1xx_hal_msp.o
                0x080004ac                HAL_MspInit
 .text.TIM_OC1_SetConfig
                0x080004f0       0x54 build/stm32f1xx_hal_tim.o
 .text.TIM_OC3_SetConfig
                0x08000544       0x5c build/stm32f1xx_hal_tim.o
 .text.TIM_OC4_SetConfig
                0x080005a0       0x48 build/stm32f1xx_hal_tim.o
 .text.TIM_TI1_ConfigInputStage
                0x080005e8       0x24 build/stm32f1xx_hal_tim.o
 .text.TIM_TI2_SetConfig
                0x0800060c       0x36 build/stm32f1xx_hal_tim.o
 .text.TIM_TI2_ConfigInputStage
                0x08000642       0x26 build/stm32f1xx_hal_tim.o
 .text.TIM_TI3_SetConfig
                0x08000668       0x36 build/stm32f1xx_hal_tim.o
 .text.TIM_TI4_SetConfig
                0x0800069e       0x36 build/stm32f1xx_hal_tim.o
 .text.TIM_ITRx_SetConfig
                0x080006d4       0x10 build/stm32f1xx_hal_tim.o
 .text.HAL_TIM_PWM_MspInit
                0x080006e4        0x2 build/stm32f1xx_hal_tim.o
                0x080006e4                HAL_TIM_PWM_MspInit
 .text.HAL_TIM_IC_MspInit
                0x080006e6        0x2 build/stm32f1xx_hal_tim.o
                0x080006e6                HAL_TIM_IC_MspInit
 .text.TIM_Base_SetConfig
                0x080006e8       0x74 build/stm32f1xx_hal_tim.o
                0x080006e8                TIM_Base_SetConfig
 .text.HAL_TIM_Base_Init
                0x0800075c       0x58 build/stm32f1xx_hal_tim.o
                0x0800075c                HAL_TIM_Base_Init
 .text.HAL_TIM_PWM_Init
                0x080007b4       0x58 build/stm32f1xx_hal_tim.o
                0x080007b4                HAL_TIM_PWM_Init
 .text.HAL_TIM_IC_Init
                0x0800080c       0x58 build/stm32f1xx_hal_tim.o
                0x0800080c                HAL_TIM_IC_Init
 .text.TIM_OC2_SetConfig
                0x08000864       0x5c build/stm32f1xx_hal_tim.o
                0x08000864                TIM_OC2_SetConfig
 .text.HAL_TIM_PWM_ConfigChannel
                0x080008c0      0x108 build/stm32f1xx_hal_tim.o
                0x080008c0                HAL_TIM_PWM_ConfigChannel
 .text.TIM_TI1_SetConfig
                0x080009c8       0x58 build/stm32f1xx_hal_tim.o
                0x080009c8                TIM_TI1_SetConfig
 .text.HAL_TIM_IC_ConfigChannel
                0x08000a20       0xf8 build/stm32f1xx_hal_tim.o
                0x08000a20                HAL_TIM_IC_ConfigChannel
 .text.TIM_ETR_SetConfig
                0x08000b18       0x18 build/stm32f1xx_hal_tim.o
                0x08000b18                TIM_ETR_SetConfig
 .text.HAL_TIM_ConfigClockSource
                0x08000b30       0xfe build/stm32f1xx_hal_tim.o
                0x08000b30                HAL_TIM_ConfigClockSource
 .text.TIM_CCxChannelCmd
                0x08000c2e       0x1e build/stm32f1xx_hal_tim.o
                0x08000c2e                TIM_CCxChannelCmd
 .text.HAL_TIM_PWM_Start
                0x08000c4c       0xd4 build/stm32f1xx_hal_tim.o
                0x08000c4c                HAL_TIM_PWM_Start
 .text.TIM_CCxNChannelCmd
                0x08000d20       0x1e build/stm32f1xx_hal_tim_ex.o
 *fill*         0x08000d3e        0x2 
 .text.HAL_TIMEx_PWMN_Start
                0x08000d40       0xcc build/stm32f1xx_hal_tim_ex.o
                0x08000d40                HAL_TIMEx_PWMN_Start
 .text.HAL_TIMEx_MasterConfigSynchronization
                0x08000e0c       0x6c build/stm32f1xx_hal_tim_ex.o
                0x08000e0c                HAL_TIMEx_MasterConfigSynchronization
 .text.HAL_TIMEx_ConfigBreakDeadTime
                0x08000e78       0x52 build/stm32f1xx_hal_tim_ex.o
                0x08000e78                HAL_TIMEx_ConfigBreakDeadTime
 *fill*         0x08000eca        0x2 
 .text.HAL_InitTick
                0x08000ecc       0x4c build/stm32f1xx_hal.o
                0x08000ecc                HAL_InitTick
 .text.HAL_Init
                0x08000f18       0x24 build/stm32f1xx_hal.o
                0x08000f18                HAL_Init
 .text.HAL_IncTick
                0x08000f3c       0x18 build/stm32f1xx_hal.o
                0x08000f3c                HAL_IncTick
 .text.HAL_GetTick
                0x08000f54        0xc build/stm32f1xx_hal.o
                0x08000f54                HAL_GetTick
 .text.RCC_Delay
                0x08000f60       0x2c build/stm32f1xx_hal_rcc.o
 .text.HAL_RCC_OscConfig
                0x08000f8c      0x410 build/stm32f1xx_hal_rcc.o
                0x08000f8c                HAL_RCC_OscConfig
 .text.HAL_RCC_GetSysClockFreq
                0x0800139c       0x54 build/stm32f1xx_hal_rcc.o
                0x0800139c                HAL_RCC_GetSysClockFreq
 .text.HAL_RCC_ClockConfig
                0x080013f0      0x16c build/stm32f1xx_hal_rcc.o
                0x080013f0                HAL_RCC_ClockConfig
 .text.HAL_GPIO_Init
                0x0800155c      0x214 build/stm32f1xx_hal_gpio.o
                0x0800155c                HAL_GPIO_Init
 .text.__NVIC_SetPriority
                0x08001770       0x28 build/stm32f1xx_hal_cortex.o
 .text.NVIC_EncodePriority
                0x08001798       0x3e build/stm32f1xx_hal_cortex.o
 *fill*         0x080017d6        0x2 
 .text.HAL_NVIC_SetPriorityGrouping
                0x080017d8       0x24 build/stm32f1xx_hal_cortex.o
                0x080017d8                HAL_NVIC_SetPriorityGrouping
 .text.HAL_NVIC_SetPriority
                0x080017fc       0x20 build/stm32f1xx_hal_cortex.o
                0x080017fc                HAL_NVIC_SetPriority
 .text.HAL_SYSTICK_Config
                0x0800181c       0x28 build/stm32f1xx_hal_cortex.o
                0x0800181c                HAL_SYSTICK_Config
 .text.SystemInit
                0x08001844        0x2 build/system_stm32f1xx.o
                0x08001844                SystemInit
 *fill*         0x08001846        0x2 
 .text.Reset_Handler
                0x08001848       0x48 build/startup_stm32f103xb.o
                0x08001848                Reset_Handler
 .text.Default_Handler
                0x08001890        0x2 build/startup_stm32f103xb.o
                0x08001890                RTC_Alarm_IRQHandler
                0x08001890                EXTI2_IRQHandler
                0x08001890                TIM1_CC_IRQHandler
                0x08001890                PVD_IRQHandler
                0x08001890                EXTI3_IRQHandler
                0x08001890                EXTI0_IRQHandler
                0x08001890                I2C2_EV_IRQHandler
                0x08001890                ADC1_2_IRQHandler
                0x08001890                SPI1_IRQHandler
                0x08001890                TAMPER_IRQHandler
                0x08001890                DMA1_Channel4_IRQHandler
                0x08001890                USART3_IRQHandler
                0x08001890                RTC_IRQHandler
                0x08001890                DMA1_Channel7_IRQHandler
                0x08001890                CAN1_RX1_IRQHandler
                0x08001890                TIM4_IRQHandler
                0x08001890                I2C1_EV_IRQHandler
                0x08001890                DMA1_Channel6_IRQHandler
                0x08001890                TIM3_IRQHandler
                0x08001890                RCC_IRQHandler
                0x08001890                TIM1_TRG_COM_IRQHandler
                0x08001890                DMA1_Channel1_IRQHandler
                0x08001890                Default_Handler
                0x08001890                EXTI15_10_IRQHandler
                0x08001890                EXTI9_5_IRQHandler
                0x08001890                SPI2_IRQHandler
                0x08001890                DMA1_Channel5_IRQHandler
                0x08001890                EXTI4_IRQHandler
                0x08001890                USB_LP_CAN1_RX0_IRQHandler
                0x08001890                USB_HP_CAN1_TX_IRQHandler
                0x08001890                DMA1_Channel3_IRQHandler
                0x08001890                TIM1_UP_IRQHandler
                0x08001890                WWDG_IRQHandler
                0x08001890                TIM2_IRQHandler
                0x08001890                TIM1_BRK_IRQHandler
                0x08001890                EXTI1_IRQHandler
                0x08001890                USART2_IRQHandler
                0x08001890                I2C2_ER_IRQHandler
                0x08001890                DMA1_Channel2_IRQHandler
                0x08001890                CAN1_SCE_IRQHandler
                0x08001890                FLASH_IRQHandler
                0x08001890                USART1_IRQHandler
                0x08001890                I2C1_ER_IRQHandler
                0x08001890                USBWakeUp_IRQHandler
 .text.memset   0x08001892       0x10 /usr/lib/gcc/arm-none-eabi/14.1.0/../../../../arm-none-eabi/lib/thumb/v7-m/nofp/libc_nano.a(libc_a-memset.o)
                0x08001892                memset
 *fill*         0x080018a2        0x2 
 .text.__libc_init_array
                0x080018a4       0x48 /usr/lib/gcc/arm-none-eabi/14.1.0/../../../../arm-none-eabi/lib/thumb/v7-m/nofp/libc_nano.a(libc_a-init.o)
                0x080018a4                __libc_init_array
 *(.glue_7)
 .glue_7        0x080018ec        0x0 linker stubs
 *(.glue_7t)
 .glue_7t       0x080018ec        0x0 linker stubs
 *(.eh_frame)
 .eh_frame      0x080018ec        0x0 /usr/lib/gcc/arm-none-eabi/14.1.0/thumb/v7-m/nofp/crtbegin.o
 *(.init)
 .init          0x080018ec        0x4 /usr/lib/gcc/arm-none-eabi/14.1.0/thumb/v7-m/nofp/crti.o
                0x080018ec                _init
 .init          0x080018f0        0x8 /usr/lib/gcc/arm-none-eabi/14.1.0/thumb/v7-m/nofp/crtn.o
 *(.fini)
 .fini          0x080018f8        0x4 /usr/lib/gcc/arm-none-eabi/14.1.0/thumb/v7-m/nofp/crti.o
                0x080018f8                _fini
 .fini          0x080018fc        0x8 /usr/lib/gcc/arm-none-eabi/14.1.0/thumb/v7-m/nofp/crtn.o
                0x08001904                        . = ALIGN (0x4)
                0x08001904                        _etext = .

.vfp11_veneer   0x08001904        0x0
 .vfp11_veneer  0x08001904        0x0 linker stubs

.v4_bx          0x08001904        0x0
 .v4_bx         0x08001904        0x0 linker stubs

.iplt           0x08001904        0x0
 .iplt          0x08001904        0x0 /usr/lib/gcc/arm-none-eabi/14.1.0/thumb/v7-m/nofp/crtbegin.o

.rodata         0x08001904       0x24
                0x08001904                        . = ALIGN (0x4)
 *(.rodata)
 *(.rodata*)
 .rodata.aPredivFactorTable.0
                0x08001904        0x2 build/stm32f1xx_hal_rcc.o
 *fill*         0x08001906        0x2 
 .rodata.aPLLMULFactorTable.1
                0x08001908       0x10 build/stm32f1xx_hal_rcc.o
 .rodata.AHBPrescTable
                0x08001918       0x10 build/system_stm32f1xx.o
                0x08001918                AHBPrescTable
                0x08001928                        . = ALIGN (0x4)

.rel.dyn        0x08001928        0x0
 .rel.iplt      0x08001928        0x0 /usr/lib/gcc/arm-none-eabi/14.1.0/thumb/v7-m/nofp/crtbegin.o

.ARM.extab
 *(.ARM.extab* .gnu.linkonce.armextab.*)

.ARM            0x08001928        0x0
                0x08001928                        __exidx_start = .
 *(.ARM.exidx*)
                0x08001928                        __exidx_end = .

.preinit_array  0x08001928        0x0
                0x08001928                        PROVIDE (__preinit_array_start = .)
 *(.preinit_array*)
                0x08001928                        PROVIDE (__preinit_array_end = .)

.init_array     0x08001928        0x4
                0x08001928                        PROVIDE (__init_array_start = .)
 *(SORT_BY_NAME(.init_array.*))
 *(.init_array*)
 .init_array    0x08001928        0x4 /usr/lib/gcc/arm-none-eabi/14.1.0/thumb/v7-m/nofp/crtbegin.o
                0x0800192c                        PROVIDE (__init_array_end = .)

.fini_array     0x0800192c        0x4
                0x0800192c                        PROVIDE (__fini_array_start = .)
 *(SORT_BY_NAME(.fini_array.*))
 *(.fini_array*)
 .fini_array    0x0800192c        0x4 /usr/lib/gcc/arm-none-eabi/14.1.0/thumb/v7-m/nofp/crtbegin.o
                0x08001930                        PROVIDE (__fini_array_end = .)
                0x08001930                        _sidata = LOADADDR (.data)

.data           0x20000000        0xc load address 0x08001930
                0x20000000                        . = ALIGN (0x4)
                0x20000000                        _sdata = .
 *(.data)
 *(.data*)
 .data.uwTickFreq
                0x20000000        0x1 build/stm32f1xx_hal.o
                0x20000000                uwTickFreq
 *fill*         0x20000001        0x3 
 .data.uwTickPrio
                0x20000004        0x4 build/stm32f1xx_hal.o
                0x20000004                uwTickPrio
 .data.SystemCoreClock
                0x20000008        0x4 build/system_stm32f1xx.o
                0x20000008                SystemCoreClock
                0x2000000c                        . = ALIGN (0x4)
                0x2000000c                        _edata = .

.igot.plt       0x2000000c        0x0 load address 0x0800193c
 .igot.plt      0x2000000c        0x0 /usr/lib/gcc/arm-none-eabi/14.1.0/thumb/v7-m/nofp/crtbegin.o
                0x2000000c                        . = ALIGN (0x4)

.bss            0x2000000c       0xb0 load address 0x0800193c
                0x2000000c                        _sbss = .
                0x2000000c                        __bss_start__ = _sbss
 *(.bss)
 *(.bss*)
 .bss.completed.1
                0x2000000c        0x1 /usr/lib/gcc/arm-none-eabi/14.1.0/thumb/v7-m/nofp/crtbegin.o
 *fill*         0x2000000d        0x3 
 .bss.object.0  0x20000010       0x18 /usr/lib/gcc/arm-none-eabi/14.1.0/thumb/v7-m/nofp/crtbegin.o
 .bss.htim2     0x20000028       0x48 build/tim.o
                0x20000028                htim2
 .bss.htim1     0x20000070       0x48 build/tim.o
                0x20000070                htim1
 .bss.uwTick    0x200000b8        0x4 build/stm32f1xx_hal.o
                0x200000b8                uwTick
 *(COMMON)
                0x200000bc                        . = ALIGN (0x4)
                0x200000bc                        _ebss = .
                0x200000bc                        __bss_end__ = _ebss

._user_heap_stack
                0x200000bc      0x604 load address 0x0800193c
                0x200000c0                        . = ALIGN (0x8)
 *fill*         0x200000bc        0x4 
                [!provide]                        PROVIDE (end = .)
                0x200000c0                        PROVIDE (_end = .)
                0x200002c0                        . = (. + _Min_Heap_Size)
 *fill*         0x200000c0      0x200 
                0x200006c0                        . = (. + _Min_Stack_Size)
 *fill*         0x200002c0      0x400 
                0x200006c0                        . = ALIGN (0x8)

/DISCARD/
 libc.a(*)
 libm.a(*)
 libgcc.a(*)

.ARM.attributes
                0x00000000       0x29
 *(.ARM.attributes)
 .ARM.attributes
                0x00000000       0x1d /usr/lib/gcc/arm-none-eabi/14.1.0/thumb/v7-m/nofp/crti.o
 .ARM.attributes
                0x0000001d       0x2d /usr/lib/gcc/arm-none-eabi/14.1.0/thumb/v7-m/nofp/crtbegin.o
 .ARM.attributes
                0x0000004a       0x2d build/main.o
 .ARM.attributes
                0x00000077       0x2d build/gpio.o
 .ARM.attributes
                0x000000a4       0x2d build/tim.o
 .ARM.attributes
                0x000000d1       0x2d build/stm32f1xx_it.o
 .ARM.attributes
                0x000000fe       0x2d build/stm32f1xx_hal_msp.o
 .ARM.attributes
                0x0000012b       0x2d build/stm32f1xx_hal_tim.o
 .ARM.attributes
                0x00000158       0x2d build/stm32f1xx_hal_tim_ex.o
 .ARM.attributes
                0x00000185       0x2d build/stm32f1xx_hal.o
 .ARM.attributes
                0x000001b2       0x2d build/stm32f1xx_hal_rcc.o
 .ARM.attributes
                0x000001df       0x2d build/stm32f1xx_hal_gpio.o
 .ARM.attributes
                0x0000020c       0x2d build/stm32f1xx_hal_cortex.o
 .ARM.attributes
                0x00000239       0x2d build/system_stm32f1xx.o
 .ARM.attributes
                0x00000266       0x21 build/startup_stm32f103xb.o
 .ARM.attributes
                0x00000287       0x2d /usr/lib/gcc/arm-none-eabi/14.1.0/../../../../arm-none-eabi/lib/thumb/v7-m/nofp/libc_nano.a(libc_a-memset.o)
 .ARM.attributes
                0x000002b4       0x2d /usr/lib/gcc/arm-none-eabi/14.1.0/../../../../arm-none-eabi/lib/thumb/v7-m/nofp/libc_nano.a(libc_a-init.o)
 .ARM.attributes
                0x000002e1       0x1d /usr/lib/gcc/arm-none-eabi/14.1.0/thumb/v7-m/nofp/crtn.o
OUTPUT(build/Lab4.elf elf32-littlearm)
LOAD linker stubs
LOAD /usr/lib/gcc/arm-none-eabi/14.1.0/../../../../arm-none-eabi/lib/thumb/v7-m/nofp/libc.a
LOAD /usr/lib/gcc/arm-none-eabi/14.1.0/../../../../arm-none-eabi/lib/thumb/v7-m/nofp/libm.a
LOAD /usr/lib/gcc/arm-none-eabi/14.1.0/thumb/v7-m/nofp/libgcc.a

.debug_info     0x00000000     0xaaec
 .debug_info    0x00000000      0xa11 build/main.o
 .debug_info    0x00000a11      0x1d3 build/gpio.o
 .debug_info    0x00000be4      0xfec build/tim.o
 .debug_info    0x00001bd0      0x158 build/stm32f1xx_it.o
 .debug_info    0x00001d28      0x238 build/stm32f1xx_hal_msp.o
 .debug_info    0x00001f60     0x411c build/stm32f1xx_hal_tim.o
 .debug_info    0x0000607c     0x1d41 build/stm32f1xx_hal_tim_ex.o
 .debug_info    0x00007dbd      0x880 build/stm32f1xx_hal.o
 .debug_info    0x0000863d      0xb10 build/stm32f1xx_hal_rcc.o
 .debug_info    0x0000914d      0x6d7 build/stm32f1xx_hal_gpio.o
 .debug_info    0x00009824      0xe3f build/stm32f1xx_hal_cortex.o
 .debug_info    0x0000a663      0x26e build/system_stm32f1xx.o
 .debug_info    0x0000a8d1       0x30 build/startup_stm32f103xb.o
 .debug_info    0x0000a901       0xe0 /usr/lib/gcc/arm-none-eabi/14.1.0/../../../../arm-none-eabi/lib/thumb/v7-m/nofp/libc_nano.a(libc_a-memset.o)
 .debug_info    0x0000a9e1      0x10b /usr/lib/gcc/arm-none-eabi/14.1.0/../../../../arm-none-eabi/lib/thumb/v7-m/nofp/libc_nano.a(libc_a-init.o)

.debug_abbrev   0x00000000     0x19c2
 .debug_abbrev  0x00000000      0x25d build/main.o
 .debug_abbrev  0x0000025d       0xc1 build/gpio.o
 .debug_abbrev  0x0000031e      0x231 build/tim.o
 .debug_abbrev  0x0000054f       0x80 build/stm32f1xx_it.o
 .debug_abbrev  0x000005cf       0xe7 build/stm32f1xx_hal_msp.o
 .debug_abbrev  0x000006b6      0x2bd build/stm32f1xx_hal_tim.o
 .debug_abbrev  0x00000973      0x2b7 build/stm32f1xx_hal_tim_ex.o
 .debug_abbrev  0x00000c2a      0x232 build/stm32f1xx_hal.o
 .debug_abbrev  0x00000e5c      0x2d6 build/stm32f1xx_hal_rcc.o
 .debug_abbrev  0x00001132      0x222 build/stm32f1xx_hal_gpio.o
 .debug_abbrev  0x00001354      0x3aa build/stm32f1xx_hal_cortex.o
 .debug_abbrev  0x000016fe      0x140 build/system_stm32f1xx.o
 .debug_abbrev  0x0000183e       0x1d build/startup_stm32f103xb.o
 .debug_abbrev  0x0000185b       0x9e /usr/lib/gcc/arm-none-eabi/14.1.0/../../../../arm-none-eabi/lib/thumb/v7-m/nofp/libc_nano.a(libc_a-memset.o)
 .debug_abbrev  0x000018f9       0xc9 /usr/lib/gcc/arm-none-eabi/14.1.0/../../../../arm-none-eabi/lib/thumb/v7-m/nofp/libc_nano.a(libc_a-init.o)

.debug_loc      0x00000000     0x9ffd
 .debug_loc     0x00000000       0x66 build/main.o
 .debug_loc     0x00000066       0x2c build/gpio.o
 .debug_loc     0x00000092      0x21c build/tim.o
 .debug_loc     0x000002ae       0x20 build/stm32f1xx_it.o
 .debug_loc     0x000002ce       0x41 build/stm32f1xx_hal_msp.o
 .debug_loc     0x0000030f     0x614f build/stm32f1xx_hal_tim.o
 .debug_loc     0x0000645e     0x22b2 build/stm32f1xx_hal_tim_ex.o
 .debug_loc     0x00008710      0x1f9 build/stm32f1xx_hal.o
 .debug_loc     0x00008909      0x7c6 build/stm32f1xx_hal_rcc.o
 .debug_loc     0x000090cf      0x55f build/stm32f1xx_hal_gpio.o
 .debug_loc     0x0000962e      0x8b4 build/stm32f1xx_hal_cortex.o
 .debug_loc     0x00009ee2      0x11b build/system_stm32f1xx.o

.debug_aranges  0x00000000      0x960
 .debug_aranges
                0x00000000       0x30 build/main.o
 .debug_aranges
                0x00000030       0x20 build/gpio.o
 .debug_aranges
                0x00000050       0x40 build/tim.o
 .debug_aranges
                0x00000090       0x60 build/stm32f1xx_it.o
 .debug_aranges
                0x000000f0       0x20 build/stm32f1xx_hal_msp.o
 .debug_aranges
                0x00000110      0x3d0 build/stm32f1xx_hal_tim.o
 .debug_aranges
                0x000004e0      0x168 build/stm32f1xx_hal_tim_ex.o
 .debug_aranges
                0x00000648       0xe0 build/stm32f1xx_hal.o
 .debug_aranges
                0x00000728       0x90 build/stm32f1xx_hal_rcc.o
 .debug_aranges
                0x000007b8       0x58 build/stm32f1xx_hal_gpio.o
 .debug_aranges
                0x00000810       0xc0 build/stm32f1xx_hal_cortex.o
 .debug_aranges
                0x000008d0       0x28 build/system_stm32f1xx.o
 .debug_aranges
                0x000008f8       0x28 build/startup_stm32f103xb.o
 .debug_aranges
                0x00000920       0x20 /usr/lib/gcc/arm-none-eabi/14.1.0/../../../../arm-none-eabi/lib/thumb/v7-m/nofp/libc_nano.a(libc_a-memset.o)
 .debug_aranges
                0x00000940       0x20 /usr/lib/gcc/arm-none-eabi/14.1.0/../../../../arm-none-eabi/lib/thumb/v7-m/nofp/libc_nano.a(libc_a-init.o)

.debug_ranges   0x00000000      0x878
 .debug_ranges  0x00000000       0x20 build/main.o
 .debug_ranges  0x00000020       0x10 build/gpio.o
 .debug_ranges  0x00000030       0x30 build/tim.o
 .debug_ranges  0x00000060       0x50 build/stm32f1xx_it.o
 .debug_ranges  0x000000b0       0x10 build/stm32f1xx_hal_msp.o
 .debug_ranges  0x000000c0      0x3c0 build/stm32f1xx_hal_tim.o
 .debug_ranges  0x00000480      0x158 build/stm32f1xx_hal_tim_ex.o
 .debug_ranges  0x000005d8       0xd0 build/stm32f1xx_hal.o
 .debug_ranges  0x000006a8       0xa0 build/stm32f1xx_hal_rcc.o
 .debug_ranges  0x00000748       0x48 build/stm32f1xx_hal_gpio.o
 .debug_ranges  0x00000790       0xb0 build/stm32f1xx_hal_cortex.o
 .debug_ranges  0x00000840       0x18 build/system_stm32f1xx.o
 .debug_ranges  0x00000858       0x20 build/startup_stm32f103xb.o

.debug_line     0x00000000     0x8a3a
 .debug_line    0x00000000      0x2d5 build/main.o
 .debug_line    0x000002d5       0xfd build/gpio.o
 .debug_line    0x000003d2      0x4ce build/tim.o
 .debug_line    0x000008a0      0x13d build/stm32f1xx_it.o
 .debug_line    0x000009dd      0x104 build/stm32f1xx_hal_msp.o
 .debug_line    0x00000ae1     0x4545 build/stm32f1xx_hal_tim.o
 .debug_line    0x00005026     0x192b build/stm32f1xx_hal_tim_ex.o
 .debug_line    0x00006951      0x4b6 build/stm32f1xx_hal.o
 .debug_line    0x00006e07      0xc40 build/stm32f1xx_hal_rcc.o
 .debug_line    0x00007a47      0x551 build/stm32f1xx_hal_gpio.o
 .debug_line    0x00007f98      0x62f build/stm32f1xx_hal_cortex.o
 .debug_line    0x000085c7      0x1cd build/system_stm32f1xx.o
 .debug_line    0x00008794       0x71 build/startup_stm32f103xb.o
 .debug_line    0x00008805      0x123 /usr/lib/gcc/arm-none-eabi/14.1.0/../../../../arm-none-eabi/lib/thumb/v7-m/nofp/libc_nano.a(libc_a-memset.o)
 .debug_line    0x00008928      0x112 /usr/lib/gcc/arm-none-eabi/14.1.0/../../../../arm-none-eabi/lib/thumb/v7-m/nofp/libc_nano.a(libc_a-init.o)

.debug_str      0x00000000     0x2d7a
 .debug_str     0x00000000     0x2d7a build/main.o
                                0x811 (size before relaxing)
 .debug_str     0x00002d7a      0x199 build/gpio.o
 .debug_str     0x00002d7a      0xa49 build/tim.o
 .debug_str     0x00002d7a      0x1d6 build/stm32f1xx_it.o
 .debug_str     0x00002d7a      0x1d3 build/stm32f1xx_hal_msp.o
 .debug_str     0x00002d7a     0x1629 build/stm32f1xx_hal_tim.o
 .debug_str     0x00002d7a      0xe45 build/stm32f1xx_hal_tim_ex.o
 .debug_str     0x00002d7a      0x7e2 build/stm32f1xx_hal.o
 .debug_str     0x00002d7a      0x5df build/stm32f1xx_hal_rcc.o
 .debug_str     0x00002d7a      0x3b4 build/stm32f1xx_hal_gpio.o
 .debug_str     0x00002d7a      0x887 build/stm32f1xx_hal_cortex.o
 .debug_str     0x00002d7a      0x208 build/system_stm32f1xx.o
 .debug_str     0x00002d7a       0x46 build/startup_stm32f103xb.o
 .debug_str     0x00002d7a      0x1b7 /usr/lib/gcc/arm-none-eabi/14.1.0/../../../../arm-none-eabi/lib/thumb/v7-m/nofp/libc_nano.a(libc_a-memset.o)
 .debug_str     0x00002d7a      0x218 /usr/lib/gcc/arm-none-eabi/14.1.0/../../../../arm-none-eabi/lib/thumb/v7-m/nofp/libc_nano.a(libc_a-init.o)

.comment        0x00000000       0x3c
 .comment       0x00000000       0x3c build/main.o
                                 0x1f (size before relaxing)
 .comment       0x0000003c       0x1f build/gpio.o
 .comment       0x0000003c       0x1f build/tim.o
 .comment       0x0000003c       0x1f build/stm32f1xx_it.o
 .comment       0x0000003c       0x1f build/stm32f1xx_hal_msp.o
 .comment       0x0000003c       0x1f build/stm32f1xx_hal_tim.o
 .comment       0x0000003c       0x1f build/stm32f1xx_hal_tim_ex.o
 .comment       0x0000003c       0x1f build/stm32f1xx_hal.o
 .comment       0x0000003c       0x1f build/stm32f1xx_hal_rcc.o
 .comment       0x0000003c       0x1f build/stm32f1xx_hal_gpio.o
 .comment       0x0000003c       0x1f build/stm32f1xx_hal_cortex.o
 .comment       0x0000003c       0x1f build/system_stm32f1xx.o
 .comment       0x0000003c       0x1f /usr/lib/gcc/arm-none-eabi/14.1.0/../../../../arm-none-eabi/lib/thumb/v7-m/nofp/libc_nano.a(libc_a-memset.o)
 .comment       0x0000003c       0x1f /usr/lib/gcc/arm-none-eabi/14.1.0/../../../../arm-none-eabi/lib/thumb/v7-m/nofp/libc_nano.a(libc_a-init.o)

.debug_frame    0x00000000     0x1774
 .debug_frame   0x00000000       0x58 build/main.o
 .debug_frame   0x00000058       0x28 build/gpio.o
 .debug_frame   0x00000080       0xac build/tim.o
 .debug_frame   0x0000012c       0xa8 build/stm32f1xx_it.o
 .debug_frame   0x000001d4       0x28 build/stm32f1xx_hal_msp.o
 .debug_frame   0x000001fc      0xb14 build/stm32f1xx_hal_tim.o
 .debug_frame   0x00000d10      0x418 build/stm32f1xx_hal_tim_ex.o
 .debug_frame   0x00001128      0x1cc build/stm32f1xx_hal.o
 .debug_frame   0x000012f4      0x184 build/stm32f1xx_hal_rcc.o
 .debug_frame   0x00001478       0xe4 build/stm32f1xx_hal_gpio.o
 .debug_frame   0x0000155c      0x19c build/stm32f1xx_hal_cortex.o
 .debug_frame   0x000016f8       0x30 build/system_stm32f1xx.o
 .debug_frame   0x00001728       0x20 /usr/lib/gcc/arm-none-eabi/14.1.0/../../../../arm-none-eabi/lib/thumb/v7-m/nofp/libc_nano.a(libc_a-memset.o)
 .debug_frame   0x00001748       0x2c /usr/lib/gcc/arm-none-eabi/14.1.0/../../../../arm-none-eabi/lib/thumb/v7-m/nofp/libc_nano.a(libc_a-init.o)

.debug_loclists
                0x00000000       0x6f
 .debug_loclists
                0x00000000       0x3b /usr/lib/gcc/arm-none-eabi/14.1.0/../../../../arm-none-eabi/lib/thumb/v7-m/nofp/libc_nano.a(libc_a-memset.o)
 .debug_loclists
                0x0000003b       0x34 /usr/lib/gcc/arm-none-eabi/14.1.0/../../../../arm-none-eabi/lib/thumb/v7-m/nofp/libc_nano.a(libc_a-init.o)

.debug_rnglists
                0x00000000       0x26
 .debug_rnglists
                0x00000000       0x13 /usr/lib/gcc/arm-none-eabi/14.1.0/../../../../arm-none-eabi/lib/thumb/v7-m/nofp/libc_nano.a(libc_a-memset.o)
 .debug_rnglists
                0x00000013       0x13 /usr/lib/gcc/arm-none-eabi/14.1.0/../../../../arm-none-eabi/lib/thumb/v7-m/nofp/libc_nano.a(libc_a-init.o)

Cross Reference Table

Symbol                                            File
ADC1_2_IRQHandler                                 build/startup_stm32f103xb.o
AHBPrescTable                                     build/system_stm32f1xx.o
                                                  build/stm32f1xx_hal_rcc.o
APBPrescTable                                     build/system_stm32f1xx.o
                                                  build/stm32f1xx_hal_rcc.o
BusFault_Handler                                  build/stm32f1xx_it.o
CAN1_RX1_IRQHandler                               build/startup_stm32f103xb.o
CAN1_SCE_IRQHandler                               build/startup_stm32f103xb.o
DMA1_Channel1_IRQHandler                          build/startup_stm32f103xb.o
DMA1_Channel2_IRQHandler                          build/startup_stm32f103xb.o
DMA1_Channel3_IRQHandler                          build/startup_stm32f103xb.o
DMA1_Channel4_IRQHandler                          build/startup_stm32f103xb.o
DMA1_Channel5_IRQHandler                          build/startup_stm32f103xb.o
DMA1_Channel6_IRQHandler                          build/startup_stm32f103xb.o
DMA1_Channel7_IRQHandler                          build/startup_stm32f103xb.o
DebugMon_Handler                                  build/stm32f1xx_it.o
Default_Handler                                   build/startup_stm32f103xb.o
EXTI0_IRQHandler                                  build/startup_stm32f103xb.o
EXTI15_10_IRQHandler                              build/startup_stm32f103xb.o
EXTI1_IRQHandler                                  build/startup_stm32f103xb.o
EXTI2_IRQHandler                                  build/startup_stm32f103xb.o
EXTI3_IRQHandler                                  build/startup_stm32f103xb.o
EXTI4_IRQHandler                                  build/startup_stm32f103xb.o
EXTI9_5_IRQHandler                                build/startup_stm32f103xb.o
Error_Handler                                     build/main.o
                                                  build/tim.o
FLASH_IRQHandler                                  build/startup_stm32f103xb.o
FLASH_PageErase                                   build/stm32f1xx_hal_flash_ex.o
                                                  build/stm32f1xx_hal_flash.o
FLASH_WaitForLastOperation                        build/stm32f1xx_hal_flash.o
                                                  build/stm32f1xx_hal_flash_ex.o
HAL_DBGMCU_DisableDBGSleepMode                    build/stm32f1xx_hal.o
HAL_DBGMCU_DisableDBGStandbyMode                  build/stm32f1xx_hal.o
HAL_DBGMCU_DisableDBGStopMode                     build/stm32f1xx_hal.o
HAL_DBGMCU_EnableDBGSleepMode                     build/stm32f1xx_hal.o
HAL_DBGMCU_EnableDBGStandbyMode                   build/stm32f1xx_hal.o
HAL_DBGMCU_EnableDBGStopMode                      build/stm32f1xx_hal.o
HAL_DMA_Abort                                     build/stm32f1xx_hal_dma.o
HAL_DMA_Abort_IT                                  build/stm32f1xx_hal_dma.o
                                                  build/stm32f1xx_hal_tim_ex.o
                                                  build/stm32f1xx_hal_tim.o
HAL_DMA_DeInit                                    build/stm32f1xx_hal_dma.o
HAL_DMA_GetError                                  build/stm32f1xx_hal_dma.o
HAL_DMA_GetState                                  build/stm32f1xx_hal_dma.o
HAL_DMA_IRQHandler                                build/stm32f1xx_hal_dma.o
HAL_DMA_Init                                      build/stm32f1xx_hal_dma.o
HAL_DMA_PollForTransfer                           build/stm32f1xx_hal_dma.o
HAL_DMA_RegisterCallback                          build/stm32f1xx_hal_dma.o
HAL_DMA_Start                                     build/stm32f1xx_hal_dma.o
HAL_DMA_Start_IT                                  build/stm32f1xx_hal_dma.o
                                                  build/stm32f1xx_hal_tim_ex.o
                                                  build/stm32f1xx_hal_tim.o
HAL_DMA_UnRegisterCallback                        build/stm32f1xx_hal_dma.o
HAL_DeInit                                        build/stm32f1xx_hal.o
HAL_Delay                                         build/stm32f1xx_hal.o
HAL_EXTI_ClearConfigLine                          build/stm32f1xx_hal_exti.o
HAL_EXTI_ClearPending                             build/stm32f1xx_hal_exti.o
HAL_EXTI_GenerateSWI                              build/stm32f1xx_hal_exti.o
HAL_EXTI_GetConfigLine                            build/stm32f1xx_hal_exti.o
HAL_EXTI_GetHandle                                build/stm32f1xx_hal_exti.o
HAL_EXTI_GetPending                               build/stm32f1xx_hal_exti.o
HAL_EXTI_IRQHandler                               build/stm32f1xx_hal_exti.o
HAL_EXTI_RegisterCallback                         build/stm32f1xx_hal_exti.o
HAL_EXTI_SetConfigLine                            build/stm32f1xx_hal_exti.o
HAL_FLASHEx_Erase                                 build/stm32f1xx_hal_flash_ex.o
HAL_FLASHEx_Erase_IT                              build/stm32f1xx_hal_flash_ex.o
HAL_FLASHEx_OBErase                               build/stm32f1xx_hal_flash_ex.o
HAL_FLASHEx_OBGetConfig                           build/stm32f1xx_hal_flash_ex.o
HAL_FLASHEx_OBGetUserData                         build/stm32f1xx_hal_flash_ex.o
HAL_FLASHEx_OBProgram                             build/stm32f1xx_hal_flash_ex.o
HAL_FLASH_EndOfOperationCallback                  build/stm32f1xx_hal_flash.o
HAL_FLASH_GetError                                build/stm32f1xx_hal_flash.o
HAL_FLASH_IRQHandler                              build/stm32f1xx_hal_flash.o
HAL_FLASH_Lock                                    build/stm32f1xx_hal_flash.o
HAL_FLASH_OB_Launch                               build/stm32f1xx_hal_flash.o
HAL_FLASH_OB_Lock                                 build/stm32f1xx_hal_flash.o
HAL_FLASH_OB_Unlock                               build/stm32f1xx_hal_flash.o
HAL_FLASH_OperationErrorCallback                  build/stm32f1xx_hal_flash.o
HAL_FLASH_Program                                 build/stm32f1xx_hal_flash.o
HAL_FLASH_Program_IT                              build/stm32f1xx_hal_flash.o
HAL_FLASH_Unlock                                  build/stm32f1xx_hal_flash.o
HAL_GPIOEx_ConfigEventout                         build/stm32f1xx_hal_gpio_ex.o
HAL_GPIOEx_DisableEventout                        build/stm32f1xx_hal_gpio_ex.o
HAL_GPIOEx_EnableEventout                         build/stm32f1xx_hal_gpio_ex.o
HAL_GPIO_DeInit                                   build/stm32f1xx_hal_gpio.o
                                                  build/tim.o
HAL_GPIO_EXTI_Callback                            build/stm32f1xx_hal_gpio.o
HAL_GPIO_EXTI_IRQHandler                          build/stm32f1xx_hal_gpio.o
HAL_GPIO_Init                                     build/stm32f1xx_hal_gpio.o
                                                  build/stm32f1xx_hal_rcc.o
                                                  build/tim.o
HAL_GPIO_LockPin                                  build/stm32f1xx_hal_gpio.o
HAL_GPIO_ReadPin                                  build/stm32f1xx_hal_gpio.o
HAL_GPIO_TogglePin                                build/stm32f1xx_hal_gpio.o
HAL_GPIO_WritePin                                 build/stm32f1xx_hal_gpio.o
HAL_GetDEVID                                      build/stm32f1xx_hal.o
HAL_GetHalVersion                                 build/stm32f1xx_hal.o
HAL_GetREVID                                      build/stm32f1xx_hal.o
HAL_GetTick                                       build/stm32f1xx_hal.o
                                                  build/stm32f1xx_hal_flash.o
                                                  build/stm32f1xx_hal_dma.o
                                                  build/stm32f1xx_hal_rcc_ex.o
                                                  build/stm32f1xx_hal_rcc.o
HAL_GetTickFreq                                   build/stm32f1xx_hal.o
HAL_GetTickPrio                                   build/stm32f1xx_hal.o
HAL_GetUIDw0                                      build/stm32f1xx_hal.o
HAL_GetUIDw1                                      build/stm32f1xx_hal.o
HAL_GetUIDw2                                      build/stm32f1xx_hal.o
HAL_IncTick                                       build/stm32f1xx_hal.o
                                                  build/stm32f1xx_it.o
HAL_Init                                          build/stm32f1xx_hal.o
                                                  build/main.o
HAL_InitTick                                      build/stm32f1xx_hal.o
                                                  build/stm32f1xx_hal_rcc.o
HAL_MspDeInit                                     build/stm32f1xx_hal.o
HAL_MspInit                                       build/stm32f1xx_hal_msp.o
HAL_NVIC_ClearPendingIRQ                          build/stm32f1xx_hal_cortex.o
HAL_NVIC_DisableIRQ                               build/stm32f1xx_hal_cortex.o
HAL_NVIC_EnableIRQ                                build/stm32f1xx_hal_cortex.o
HAL_NVIC_GetActive                                build/stm32f1xx_hal_cortex.o
HAL_NVIC_GetPendingIRQ                            build/stm32f1xx_hal_cortex.o
HAL_NVIC_GetPriority                              build/stm32f1xx_hal_cortex.o
HAL_NVIC_GetPriorityGrouping                      build/stm32f1xx_hal_cortex.o
HAL_NVIC_SetPendingIRQ                            build/stm32f1xx_hal_cortex.o
HAL_NVIC_SetPriority                              build/stm32f1xx_hal_cortex.o
                                                  build/stm32f1xx_hal.o
HAL_NVIC_SetPriorityGrouping                      build/stm32f1xx_hal_cortex.o
                                                  build/stm32f1xx_hal.o
HAL_NVIC_SystemReset                              build/stm32f1xx_hal_cortex.o
                                                  build/stm32f1xx_hal_flash.o
HAL_PWR_ConfigPVD                                 build/stm32f1xx_hal_pwr.o
HAL_PWR_DeInit                                    build/stm32f1xx_hal_pwr.o
HAL_PWR_DisableBkUpAccess                         build/stm32f1xx_hal_pwr.o
HAL_PWR_DisablePVD                                build/stm32f1xx_hal_pwr.o
HAL_PWR_DisableSEVOnPend                          build/stm32f1xx_hal_pwr.o
HAL_PWR_DisableSleepOnExit                        build/stm32f1xx_hal_pwr.o
HAL_PWR_DisableWakeUpPin                          build/stm32f1xx_hal_pwr.o
HAL_PWR_EnableBkUpAccess                          build/stm32f1xx_hal_pwr.o
HAL_PWR_EnablePVD                                 build/stm32f1xx_hal_pwr.o
HAL_PWR_EnableSEVOnPend                           build/stm32f1xx_hal_pwr.o
HAL_PWR_EnableSleepOnExit                         build/stm32f1xx_hal_pwr.o
HAL_PWR_EnableWakeUpPin                           build/stm32f1xx_hal_pwr.o
HAL_PWR_EnterSLEEPMode                            build/stm32f1xx_hal_pwr.o
HAL_PWR_EnterSTANDBYMode                          build/stm32f1xx_hal_pwr.o
HAL_PWR_EnterSTOPMode                             build/stm32f1xx_hal_pwr.o
HAL_PWR_PVDCallback                               build/stm32f1xx_hal_pwr.o
HAL_PWR_PVD_IRQHandler                            build/stm32f1xx_hal_pwr.o
HAL_RCCEx_GetPeriphCLKConfig                      build/stm32f1xx_hal_rcc_ex.o
HAL_RCCEx_GetPeriphCLKFreq                        build/stm32f1xx_hal_rcc_ex.o
HAL_RCCEx_PeriphCLKConfig                         build/stm32f1xx_hal_rcc_ex.o
HAL_RCC_CSSCallback                               build/stm32f1xx_hal_rcc.o
HAL_RCC_ClockConfig                               build/stm32f1xx_hal_rcc.o
                                                  build/main.o
HAL_RCC_DeInit                                    build/stm32f1xx_hal_rcc.o
HAL_RCC_DisableCSS                                build/stm32f1xx_hal_rcc.o
HAL_RCC_EnableCSS                                 build/stm32f1xx_hal_rcc.o
HAL_RCC_GetClockConfig                            build/stm32f1xx_hal_rcc.o
HAL_RCC_GetHCLKFreq                               build/stm32f1xx_hal_rcc.o
HAL_RCC_GetOscConfig                              build/stm32f1xx_hal_rcc.o
HAL_RCC_GetPCLK1Freq                              build/stm32f1xx_hal_rcc.o
HAL_RCC_GetPCLK2Freq                              build/stm32f1xx_hal_rcc.o
                                                  build/stm32f1xx_hal_rcc_ex.o
HAL_RCC_GetSysClockFreq                           build/stm32f1xx_hal_rcc.o
HAL_RCC_MCOConfig                                 build/stm32f1xx_hal_rcc.o
HAL_RCC_NMI_IRQHandler                            build/stm32f1xx_hal_rcc.o
HAL_RCC_OscConfig                                 build/stm32f1xx_hal_rcc.o
                                                  build/main.o
HAL_ResumeTick                                    build/stm32f1xx_hal.o
HAL_SYSTICK_CLKSourceConfig                       build/stm32f1xx_hal_cortex.o
HAL_SYSTICK_Callback                              build/stm32f1xx_hal_cortex.o
HAL_SYSTICK_Config                                build/stm32f1xx_hal_cortex.o
                                                  build/stm32f1xx_hal.o
HAL_SYSTICK_IRQHandler                            build/stm32f1xx_hal_cortex.o
HAL_SetTickFreq                                   build/stm32f1xx_hal.o
HAL_SuspendTick                                   build/stm32f1xx_hal.o
HAL_TIMEx_BreakCallback                           build/stm32f1xx_hal_tim_ex.o
                                                  build/stm32f1xx_hal_tim.o
HAL_TIMEx_CommutCallback                          build/stm32f1xx_hal_tim_ex.o
                                                  build/stm32f1xx_hal_tim.o
HAL_TIMEx_CommutHalfCpltCallback                  build/stm32f1xx_hal_tim_ex.o
HAL_TIMEx_ConfigBreakDeadTime                     build/stm32f1xx_hal_tim_ex.o
                                                  build/tim.o
HAL_TIMEx_ConfigCommutEvent                       build/stm32f1xx_hal_tim_ex.o
HAL_TIMEx_ConfigCommutEvent_DMA                   build/stm32f1xx_hal_tim_ex.o
HAL_TIMEx_ConfigCommutEvent_IT                    build/stm32f1xx_hal_tim_ex.o
HAL_TIMEx_GetChannelNState                        build/stm32f1xx_hal_tim_ex.o
HAL_TIMEx_HallSensor_DeInit                       build/stm32f1xx_hal_tim_ex.o
HAL_TIMEx_HallSensor_GetState                     build/stm32f1xx_hal_tim_ex.o
HAL_TIMEx_HallSensor_Init                         build/stm32f1xx_hal_tim_ex.o
HAL_TIMEx_HallSensor_MspDeInit                    build/stm32f1xx_hal_tim_ex.o
HAL_TIMEx_HallSensor_MspInit                      build/stm32f1xx_hal_tim_ex.o
HAL_TIMEx_HallSensor_Start                        build/stm32f1xx_hal_tim_ex.o
HAL_TIMEx_HallSensor_Start_DMA                    build/stm32f1xx_hal_tim_ex.o
HAL_TIMEx_HallSensor_Start_IT                     build/stm32f1xx_hal_tim_ex.o
HAL_TIMEx_HallSensor_Stop                         build/stm32f1xx_hal_tim_ex.o
HAL_TIMEx_HallSensor_Stop_DMA                     build/stm32f1xx_hal_tim_ex.o
HAL_TIMEx_HallSensor_Stop_IT                      build/stm32f1xx_hal_tim_ex.o
HAL_TIMEx_MasterConfigSynchronization             build/stm32f1xx_hal_tim_ex.o
                                                  build/tim.o
HAL_TIMEx_OCN_Start                               build/stm32f1xx_hal_tim_ex.o
HAL_TIMEx_OCN_Start_DMA                           build/stm32f1xx_hal_tim_ex.o
HAL_TIMEx_OCN_Start_IT                            build/stm32f1xx_hal_tim_ex.o
HAL_TIMEx_OCN_Stop                                build/stm32f1xx_hal_tim_ex.o
HAL_TIMEx_OCN_Stop_DMA                            build/stm32f1xx_hal_tim_ex.o
HAL_TIMEx_OCN_Stop_IT                             build/stm32f1xx_hal_tim_ex.o
HAL_TIMEx_OnePulseN_Start                         build/stm32f1xx_hal_tim_ex.o
HAL_TIMEx_OnePulseN_Start_IT                      build/stm32f1xx_hal_tim_ex.o
HAL_TIMEx_OnePulseN_Stop                          build/stm32f1xx_hal_tim_ex.o
HAL_TIMEx_OnePulseN_Stop_IT                       build/stm32f1xx_hal_tim_ex.o
HAL_TIMEx_PWMN_Start                              build/stm32f1xx_hal_tim_ex.o
                                                  build/main.o
HAL_TIMEx_PWMN_Start_DMA                          build/stm32f1xx_hal_tim_ex.o
HAL_TIMEx_PWMN_Start_IT                           build/stm32f1xx_hal_tim_ex.o
HAL_TIMEx_PWMN_Stop                               build/stm32f1xx_hal_tim_ex.o
HAL_TIMEx_PWMN_Stop_DMA                           build/stm32f1xx_hal_tim_ex.o
HAL_TIMEx_PWMN_Stop_IT                            build/stm32f1xx_hal_tim_ex.o
HAL_TIMEx_RemapConfig                             build/stm32f1xx_hal_tim_ex.o
HAL_TIM_Base_DeInit                               build/stm32f1xx_hal_tim.o
HAL_TIM_Base_GetState                             build/stm32f1xx_hal_tim.o
HAL_TIM_Base_Init                                 build/stm32f1xx_hal_tim.o
                                                  build/tim.o
HAL_TIM_Base_MspDeInit                            build/tim.o
HAL_TIM_Base_MspInit                              build/tim.o
HAL_TIM_Base_Start                                build/stm32f1xx_hal_tim.o
HAL_TIM_Base_Start_DMA                            build/stm32f1xx_hal_tim.o
HAL_TIM_Base_Start_IT                             build/stm32f1xx_hal_tim.o
HAL_TIM_Base_Stop                                 build/stm32f1xx_hal_tim.o
HAL_TIM_Base_Stop_DMA                             build/stm32f1xx_hal_tim.o
HAL_TIM_Base_Stop_IT                              build/stm32f1xx_hal_tim.o
HAL_TIM_ConfigClockSource                         build/stm32f1xx_hal_tim.o
                                                  build/tim.o
HAL_TIM_ConfigOCrefClear                          build/stm32f1xx_hal_tim.o
HAL_TIM_ConfigTI1Input                            build/stm32f1xx_hal_tim.o
HAL_TIM_DMABurstState                             build/stm32f1xx_hal_tim.o
HAL_TIM_DMABurst_MultiReadStart                   build/stm32f1xx_hal_tim.o
HAL_TIM_DMABurst_MultiWriteStart                  build/stm32f1xx_hal_tim.o
HAL_TIM_DMABurst_ReadStart                        build/stm32f1xx_hal_tim.o
HAL_TIM_DMABurst_ReadStop                         build/stm32f1xx_hal_tim.o
HAL_TIM_DMABurst_WriteStart                       build/stm32f1xx_hal_tim.o
HAL_TIM_DMABurst_WriteStop                        build/stm32f1xx_hal_tim.o
HAL_TIM_Encoder_DeInit                            build/stm32f1xx_hal_tim.o
HAL_TIM_Encoder_GetState                          build/stm32f1xx_hal_tim.o
HAL_TIM_Encoder_Init                              build/stm32f1xx_hal_tim.o
HAL_TIM_Encoder_MspDeInit                         build/stm32f1xx_hal_tim.o
HAL_TIM_Encoder_MspInit                           build/stm32f1xx_hal_tim.o
HAL_TIM_Encoder_Start                             build/stm32f1xx_hal_tim.o
HAL_TIM_Encoder_Start_DMA                         build/stm32f1xx_hal_tim.o
HAL_TIM_Encoder_Start_IT                          build/stm32f1xx_hal_tim.o
HAL_TIM_Encoder_Stop                              build/stm32f1xx_hal_tim.o
HAL_TIM_Encoder_Stop_DMA                          build/stm32f1xx_hal_tim.o
HAL_TIM_Encoder_Stop_IT                           build/stm32f1xx_hal_tim.o
HAL_TIM_ErrorCallback                             build/stm32f1xx_hal_tim.o
                                                  build/stm32f1xx_hal_tim_ex.o
HAL_TIM_GenerateEvent                             build/stm32f1xx_hal_tim.o
HAL_TIM_GetActiveChannel                          build/stm32f1xx_hal_tim.o
HAL_TIM_GetChannelState                           build/stm32f1xx_hal_tim.o
HAL_TIM_IC_CaptureCallback                        build/stm32f1xx_hal_tim.o
HAL_TIM_IC_CaptureHalfCpltCallback                build/stm32f1xx_hal_tim.o
HAL_TIM_IC_ConfigChannel                          build/stm32f1xx_hal_tim.o
                                                  build/tim.o
HAL_TIM_IC_DeInit                                 build/stm32f1xx_hal_tim.o
HAL_TIM_IC_GetState                               build/stm32f1xx_hal_tim.o
HAL_TIM_IC_Init                                   build/stm32f1xx_hal_tim.o
                                                  build/tim.o
HAL_TIM_IC_MspDeInit                              build/stm32f1xx_hal_tim.o
HAL_TIM_IC_MspInit                                build/stm32f1xx_hal_tim.o
HAL_TIM_IC_Start                                  build/stm32f1xx_hal_tim.o
HAL_TIM_IC_Start_DMA                              build/stm32f1xx_hal_tim.o
HAL_TIM_IC_Start_IT                               build/stm32f1xx_hal_tim.o
HAL_TIM_IC_Stop                                   build/stm32f1xx_hal_tim.o
HAL_TIM_IC_Stop_DMA                               build/stm32f1xx_hal_tim.o
HAL_TIM_IC_Stop_IT                                build/stm32f1xx_hal_tim.o
HAL_TIM_IRQHandler                                build/stm32f1xx_hal_tim.o
HAL_TIM_MspPostInit                               build/tim.o
HAL_TIM_OC_ConfigChannel                          build/stm32f1xx_hal_tim.o
HAL_TIM_OC_DeInit                                 build/stm32f1xx_hal_tim.o
HAL_TIM_OC_DelayElapsedCallback                   build/stm32f1xx_hal_tim.o
HAL_TIM_OC_GetState                               build/stm32f1xx_hal_tim.o
HAL_TIM_OC_Init                                   build/stm32f1xx_hal_tim.o
HAL_TIM_OC_MspDeInit                              build/stm32f1xx_hal_tim.o
HAL_TIM_OC_MspInit                                build/stm32f1xx_hal_tim.o
HAL_TIM_OC_Start                                  build/stm32f1xx_hal_tim.o
HAL_TIM_OC_Start_DMA                              build/stm32f1xx_hal_tim.o
HAL_TIM_OC_Start_IT                               build/stm32f1xx_hal_tim.o
HAL_TIM_OC_Stop                                   build/stm32f1xx_hal_tim.o
HAL_TIM_OC_Stop_DMA                               build/stm32f1xx_hal_tim.o
HAL_TIM_OC_Stop_IT                                build/stm32f1xx_hal_tim.o
HAL_TIM_OnePulse_ConfigChannel                    build/stm32f1xx_hal_tim.o
HAL_TIM_OnePulse_DeInit                           build/stm32f1xx_hal_tim.o
HAL_TIM_OnePulse_GetState                         build/stm32f1xx_hal_tim.o
HAL_TIM_OnePulse_Init                             build/stm32f1xx_hal_tim.o
HAL_TIM_OnePulse_MspDeInit                        build/stm32f1xx_hal_tim.o
HAL_TIM_OnePulse_MspInit                          build/stm32f1xx_hal_tim.o
HAL_TIM_OnePulse_Start                            build/stm32f1xx_hal_tim.o
HAL_TIM_OnePulse_Start_IT                         build/stm32f1xx_hal_tim.o
HAL_TIM_OnePulse_Stop                             build/stm32f1xx_hal_tim.o
HAL_TIM_OnePulse_Stop_IT                          build/stm32f1xx_hal_tim.o
HAL_TIM_PWM_ConfigChannel                         build/stm32f1xx_hal_tim.o
                                                  build/tim.o
HAL_TIM_PWM_DeInit                                build/stm32f1xx_hal_tim.o
HAL_TIM_PWM_GetState                              build/stm32f1xx_hal_tim.o
HAL_TIM_PWM_Init                                  build/stm32f1xx_hal_tim.o
                                                  build/tim.o
HAL_TIM_PWM_MspDeInit                             build/stm32f1xx_hal_tim.o
HAL_TIM_PWM_MspInit                               build/stm32f1xx_hal_tim.o
HAL_TIM_PWM_PulseFinishedCallback                 build/stm32f1xx_hal_tim.o
                                                  build/stm32f1xx_hal_tim_ex.o
HAL_TIM_PWM_PulseFinishedHalfCpltCallback         build/stm32f1xx_hal_tim.o
HAL_TIM_PWM_Start                                 build/stm32f1xx_hal_tim.o
                                                  build/main.o
HAL_TIM_PWM_Start_DMA                             build/stm32f1xx_hal_tim.o
HAL_TIM_PWM_Start_IT                              build/stm32f1xx_hal_tim.o
HAL_TIM_PWM_Stop                                  build/stm32f1xx_hal_tim.o
HAL_TIM_PWM_Stop_DMA                              build/stm32f1xx_hal_tim.o
HAL_TIM_PWM_Stop_IT                               build/stm32f1xx_hal_tim.o
HAL_TIM_PeriodElapsedCallback                     build/stm32f1xx_hal_tim.o
HAL_TIM_PeriodElapsedHalfCpltCallback             build/stm32f1xx_hal_tim.o
HAL_TIM_ReadCapturedValue                         build/stm32f1xx_hal_tim.o
HAL_TIM_SlaveConfigSynchro                        build/stm32f1xx_hal_tim.o
HAL_TIM_SlaveConfigSynchro_IT                     build/stm32f1xx_hal_tim.o
HAL_TIM_TriggerCallback                           build/stm32f1xx_hal_tim.o
HAL_TIM_TriggerHalfCpltCallback                   build/stm32f1xx_hal_tim.o
HardFault_Handler                                 build/stm32f1xx_it.o
I2C1_ER_IRQHandler                                build/startup_stm32f103xb.o
I2C1_EV_IRQHandler                                build/startup_stm32f103xb.o
I2C2_ER_IRQHandler                                build/startup_stm32f103xb.o
I2C2_EV_IRQHandler                                build/startup_stm32f103xb.o
MX_GPIO_Init                                      build/gpio.o
                                                  build/main.o
MX_TIM1_Init                                      build/tim.o
                                                  build/main.o
MX_TIM2_Init                                      build/tim.o
                                                  build/main.o
MemManage_Handler                                 build/stm32f1xx_it.o
NMI_Handler                                       build/stm32f1xx_it.o
PVD_IRQHandler                                    build/startup_stm32f103xb.o
PendSV_Handler                                    build/stm32f1xx_it.o
RCC_IRQHandler                                    build/startup_stm32f103xb.o
RTC_Alarm_IRQHandler                              build/startup_stm32f103xb.o
RTC_IRQHandler                                    build/startup_stm32f103xb.o
Reset_Handler                                     build/startup_stm32f103xb.o
SPI1_IRQHandler                                   build/startup_stm32f103xb.o
SPI2_IRQHandler                                   build/startup_stm32f103xb.o
SVC_Handler                                       build/stm32f1xx_it.o
SysTick_Handler                                   build/stm32f1xx_it.o
SystemClock_Config                                build/main.o
SystemCoreClock                                   build/system_stm32f1xx.o
                                                  build/stm32f1xx_hal_rcc.o
                                                  build/stm32f1xx_hal.o
SystemCoreClockUpdate                             build/system_stm32f1xx.o
SystemInit                                        build/system_stm32f1xx.o
                                                  build/startup_stm32f103xb.o
TAMPER_IRQHandler                                 build/startup_stm32f103xb.o
TIM1_BRK_IRQHandler                               build/startup_stm32f103xb.o
TIM1_CC_IRQHandler                                build/startup_stm32f103xb.o
TIM1_TRG_COM_IRQHandler                           build/startup_stm32f103xb.o
TIM1_UP_IRQHandler                                build/startup_stm32f103xb.o
TIM2_IRQHandler                                   build/startup_stm32f103xb.o
TIM3_IRQHandler                                   build/startup_stm32f103xb.o
TIM4_IRQHandler                                   build/startup_stm32f103xb.o
TIMEx_DMACommutationCplt                          build/stm32f1xx_hal_tim_ex.o
                                                  build/stm32f1xx_hal_tim.o
TIMEx_DMACommutationHalfCplt                      build/stm32f1xx_hal_tim_ex.o
                                                  build/stm32f1xx_hal_tim.o
TIM_Base_SetConfig                                build/stm32f1xx_hal_tim.o
                                                  build/stm32f1xx_hal_tim_ex.o
TIM_CCxChannelCmd                                 build/stm32f1xx_hal_tim.o
                                                  build/stm32f1xx_hal_tim_ex.o
TIM_DMACaptureCplt                                build/stm32f1xx_hal_tim.o
                                                  build/stm32f1xx_hal_tim_ex.o
TIM_DMACaptureHalfCplt                            build/stm32f1xx_hal_tim.o
                                                  build/stm32f1xx_hal_tim_ex.o
TIM_DMADelayPulseHalfCplt                         build/stm32f1xx_hal_tim.o
                                                  build/stm32f1xx_hal_tim_ex.o
TIM_DMAError                                      build/stm32f1xx_hal_tim.o
                                                  build/stm32f1xx_hal_tim_ex.o
TIM_ETR_SetConfig                                 build/stm32f1xx_hal_tim.o
TIM_OC2_SetConfig                                 build/stm32f1xx_hal_tim.o
                                                  build/stm32f1xx_hal_tim_ex.o
TIM_TI1_SetConfig                                 build/stm32f1xx_hal_tim.o
                                                  build/stm32f1xx_hal_tim_ex.o
USART1_IRQHandler                                 build/startup_stm32f103xb.o
USART2_IRQHandler                                 build/startup_stm32f103xb.o
USART3_IRQHandler                                 build/startup_stm32f103xb.o
USBWakeUp_IRQHandler                              build/startup_stm32f103xb.o
USB_HP_CAN1_TX_IRQHandler                         build/startup_stm32f103xb.o
USB_LP_CAN1_RX0_IRQHandler                        build/startup_stm32f103xb.o
UsageFault_Handler                                build/stm32f1xx_it.o
WWDG_IRQHandler                                   build/startup_stm32f103xb.o
_Min_Stack_Size                                   build/sysmem.o
__atexit                                          /usr/lib/gcc/arm-none-eabi/14.1.0/../../../../arm-none-eabi/lib/thumb/v7-m/nofp/libc_nano.a(libc_a-__call_atexit.o)
                                                  /usr/lib/gcc/arm-none-eabi/14.1.0/../../../../arm-none-eabi/lib/thumb/v7-m/nofp/libc_nano.a(libc_a-__atexit.o)
__atexit0                                         /usr/lib/gcc/arm-none-eabi/14.1.0/../../../../arm-none-eabi/lib/thumb/v7-m/nofp/libc_nano.a(libc_a-__atexit.o)
__atexit_dummy                                    /usr/lib/gcc/arm-none-eabi/14.1.0/../../../../arm-none-eabi/lib/thumb/v7-m/nofp/libc_nano.a(libc_a-__atexit.o)
__atexit_recursive_mutex                          /usr/lib/gcc/arm-none-eabi/14.1.0/../../../../arm-none-eabi/lib/thumb/v7-m/nofp/libc_nano.a(libc_a-__call_atexit.o)
                                                  /usr/lib/gcc/arm-none-eabi/14.1.0/../../../../arm-none-eabi/lib/thumb/v7-m/nofp/libc_nano.a(libc_a-__atexit.o)
__bss_end__                                       /usr/lib/gcc/arm-none-eabi/14.1.0/../../../../arm-none-eabi/lib/thumb/v7-m/nofp/crt0.o
__bss_start__                                     /usr/lib/gcc/arm-none-eabi/14.1.0/../../../../arm-none-eabi/lib/thumb/v7-m/nofp/crt0.o
__call_exitprocs                                  /usr/lib/gcc/arm-none-eabi/14.1.0/../../../../arm-none-eabi/lib/thumb/v7-m/nofp/libc_nano.a(libc_a-__call_atexit.o)
                                                  /usr/lib/gcc/arm-none-eabi/14.1.0/../../../../arm-none-eabi/lib/thumb/v7-m/nofp/libc_nano.a(libc_a-__atexit.o)
                                                  /usr/lib/gcc/arm-none-eabi/14.1.0/../../../../arm-none-eabi/lib/thumb/v7-m/nofp/libc_nano.a(libc_a-exit.o)
__deregister_frame_info                           /usr/lib/gcc/arm-none-eabi/14.1.0/thumb/v7-m/nofp/crtbegin.o
__dso_handle                                      /usr/lib/gcc/arm-none-eabi/14.1.0/thumb/v7-m/nofp/crtbegin.o
__env                                             build/syscalls.o
__errno                                           /usr/lib/gcc/arm-none-eabi/14.1.0/../../../../arm-none-eabi/lib/thumb/v7-m/nofp/libc_nano.a(libc_a-errno.o)
                                                  build/syscalls.o
                                                  build/sysmem.o
__fini_array_end                                  /usr/lib/gcc/arm-none-eabi/14.1.0/../../../../arm-none-eabi/lib/thumb/v7-m/nofp/libc_nano.a(libc_a-fini.o)
__fini_array_start                                /usr/lib/gcc/arm-none-eabi/14.1.0/../../../../arm-none-eabi/lib/thumb/v7-m/nofp/libc_nano.a(libc_a-fini.o)
__fp_lock_all                                     /usr/lib/gcc/arm-none-eabi/14.1.0/../../../../arm-none-eabi/lib/thumb/v7-m/nofp/libc_nano.a(libc_a-findfp.o)
__fp_unlock_all                                   /usr/lib/gcc/arm-none-eabi/14.1.0/../../../../arm-none-eabi/lib/thumb/v7-m/nofp/libc_nano.a(libc_a-findfp.o)
__init_array_end                                  /usr/lib/gcc/arm-none-eabi/14.1.0/../../../../arm-none-eabi/lib/thumb/v7-m/nofp/libc_nano.a(libc_a-init.o)
__init_array_start                                /usr/lib/gcc/arm-none-eabi/14.1.0/../../../../arm-none-eabi/lib/thumb/v7-m/nofp/libc_nano.a(libc_a-init.o)
__io_getchar                                      build/syscalls.o
__io_putchar                                      build/syscalls.o
__libc_fini_array                                 /usr/lib/gcc/arm-none-eabi/14.1.0/../../../../arm-none-eabi/lib/thumb/v7-m/nofp/libc_nano.a(libc_a-fini.o)
                                                  /usr/lib/gcc/arm-none-eabi/14.1.0/../../../../arm-none-eabi/lib/thumb/v7-m/nofp/crt0.o
__libc_init_array                                 /usr/lib/gcc/arm-none-eabi/14.1.0/../../../../arm-none-eabi/lib/thumb/v7-m/nofp/libc_nano.a(libc_a-init.o)
                                                  build/startup_stm32f103xb.o
                                                  /usr/lib/gcc/arm-none-eabi/14.1.0/../../../../arm-none-eabi/lib/thumb/v7-m/nofp/crt0.o
__lock___arc4random_mutex                         /usr/lib/gcc/arm-none-eabi/14.1.0/../../../../arm-none-eabi/lib/thumb/v7-m/nofp/libc_nano.a(libc_a-lock.o)
__lock___at_quick_exit_mutex                      /usr/lib/gcc/arm-none-eabi/14.1.0/../../../../arm-none-eabi/lib/thumb/v7-m/nofp/libc_nano.a(libc_a-lock.o)
__lock___atexit_recursive_mutex                   /usr/lib/gcc/arm-none-eabi/14.1.0/../../../../arm-none-eabi/lib/thumb/v7-m/nofp/libc_nano.a(libc_a-lock.o)
                                                  /usr/lib/gcc/arm-none-eabi/14.1.0/../../../../arm-none-eabi/lib/thumb/v7-m/nofp/libc_nano.a(libc_a-__call_atexit.o)
__lock___dd_hash_mutex                            /usr/lib/gcc/arm-none-eabi/14.1.0/../../../../arm-none-eabi/lib/thumb/v7-m/nofp/libc_nano.a(libc_a-lock.o)
__lock___env_recursive_mutex                      /usr/lib/gcc/arm-none-eabi/14.1.0/../../../../arm-none-eabi/lib/thumb/v7-m/nofp/libc_nano.a(libc_a-lock.o)
__lock___malloc_recursive_mutex                   /usr/lib/gcc/arm-none-eabi/14.1.0/../../../../arm-none-eabi/lib/thumb/v7-m/nofp/libc_nano.a(libc_a-lock.o)
                                                  /usr/lib/gcc/arm-none-eabi/14.1.0/../../../../arm-none-eabi/lib/thumb/v7-m/nofp/libc_nano.a(libc_a-mlock.o)
__lock___sfp_recursive_mutex                      /usr/lib/gcc/arm-none-eabi/14.1.0/../../../../arm-none-eabi/lib/thumb/v7-m/nofp/libc_nano.a(libc_a-lock.o)
                                                  /usr/lib/gcc/arm-none-eabi/14.1.0/../../../../arm-none-eabi/lib/thumb/v7-m/nofp/libc_nano.a(libc_a-findfp.o)
__lock___tz_mutex                                 /usr/lib/gcc/arm-none-eabi/14.1.0/../../../../arm-none-eabi/lib/thumb/v7-m/nofp/libc_nano.a(libc_a-lock.o)
__malloc_free_list                                /usr/lib/gcc/arm-none-eabi/14.1.0/../../../../arm-none-eabi/lib/thumb/v7-m/nofp/libc_nano.a(libc_a-mallocr.o)
                                                  /usr/lib/gcc/arm-none-eabi/14.1.0/../../../../arm-none-eabi/lib/thumb/v7-m/nofp/libc_nano.a(libc_a-freer.o)
__malloc_lock                                     /usr/lib/gcc/arm-none-eabi/14.1.0/../../../../arm-none-eabi/lib/thumb/v7-m/nofp/libc_nano.a(libc_a-mlock.o)
                                                  /usr/lib/gcc/arm-none-eabi/14.1.0/../../../../arm-none-eabi/lib/thumb/v7-m/nofp/libc_nano.a(libc_a-mallocr.o)
                                                  /usr/lib/gcc/arm-none-eabi/14.1.0/../../../../arm-none-eabi/lib/thumb/v7-m/nofp/libc_nano.a(libc_a-freer.o)
__malloc_sbrk_start                               /usr/lib/gcc/arm-none-eabi/14.1.0/../../../../arm-none-eabi/lib/thumb/v7-m/nofp/libc_nano.a(libc_a-mallocr.o)
__malloc_unlock                                   /usr/lib/gcc/arm-none-eabi/14.1.0/../../../../arm-none-eabi/lib/thumb/v7-m/nofp/libc_nano.a(libc_a-mlock.o)
                                                  /usr/lib/gcc/arm-none-eabi/14.1.0/../../../../arm-none-eabi/lib/thumb/v7-m/nofp/libc_nano.a(libc_a-mallocr.o)
                                                  /usr/lib/gcc/arm-none-eabi/14.1.0/../../../../arm-none-eabi/lib/thumb/v7-m/nofp/libc_nano.a(libc_a-freer.o)
__on_exit_args                                    /usr/lib/gcc/arm-none-eabi/14.1.0/../../../../arm-none-eabi/lib/thumb/v7-m/nofp/libc_nano.a(libc_a-__atexit.o)
__preinit_array_end                               /usr/lib/gcc/arm-none-eabi/14.1.0/../../../../arm-none-eabi/lib/thumb/v7-m/nofp/libc_nano.a(libc_a-init.o)
__preinit_array_start                             /usr/lib/gcc/arm-none-eabi/14.1.0/../../../../arm-none-eabi/lib/thumb/v7-m/nofp/libc_nano.a(libc_a-init.o)
__register_exitproc                               /usr/lib/gcc/arm-none-eabi/14.1.0/../../../../arm-none-eabi/lib/thumb/v7-m/nofp/libc_nano.a(libc_a-__atexit.o)
                                                  /usr/lib/gcc/arm-none-eabi/14.1.0/../../../../arm-none-eabi/lib/thumb/v7-m/nofp/libc_nano.a(libc_a-atexit.o)
__register_frame_info                             /usr/lib/gcc/arm-none-eabi/14.1.0/thumb/v7-m/nofp/crtbegin.o
__retarget_lock_acquire                           /usr/lib/gcc/arm-none-eabi/14.1.0/../../../../arm-none-eabi/lib/thumb/v7-m/nofp/libc_nano.a(libc_a-lock.o)
__retarget_lock_acquire_recursive                 /usr/lib/gcc/arm-none-eabi/14.1.0/../../../../arm-none-eabi/lib/thumb/v7-m/nofp/libc_nano.a(libc_a-lock.o)
                                                  /usr/lib/gcc/arm-none-eabi/14.1.0/../../../../arm-none-eabi/lib/thumb/v7-m/nofp/libc_nano.a(libc_a-fflush.o)
                                                  /usr/lib/gcc/arm-none-eabi/14.1.0/../../../../arm-none-eabi/lib/thumb/v7-m/nofp/libc_nano.a(libc_a-mlock.o)
                                                  /usr/lib/gcc/arm-none-eabi/14.1.0/../../../../arm-none-eabi/lib/thumb/v7-m/nofp/libc_nano.a(libc_a-__call_atexit.o)
                                                  /usr/lib/gcc/arm-none-eabi/14.1.0/../../../../arm-none-eabi/lib/thumb/v7-m/nofp/libc_nano.a(libc_a-__atexit.o)
                                                  /usr/lib/gcc/arm-none-eabi/14.1.0/../../../../arm-none-eabi/lib/thumb/v7-m/nofp/libc_nano.a(libc_a-findfp.o)
__retarget_lock_close                             /usr/lib/gcc/arm-none-eabi/14.1.0/../../../../arm-none-eabi/lib/thumb/v7-m/nofp/libc_nano.a(libc_a-lock.o)
__retarget_lock_close_recursive                   /usr/lib/gcc/arm-none-eabi/14.1.0/../../../../arm-none-eabi/lib/thumb/v7-m/nofp/libc_nano.a(libc_a-lock.o)
__retarget_lock_init                              /usr/lib/gcc/arm-none-eabi/14.1.0/../../../../arm-none-eabi/lib/thumb/v7-m/nofp/libc_nano.a(libc_a-lock.o)
__retarget_lock_init_recursive                    /usr/lib/gcc/arm-none-eabi/14.1.0/../../../../arm-none-eabi/lib/thumb/v7-m/nofp/libc_nano.a(libc_a-lock.o)
                                                  /usr/lib/gcc/arm-none-eabi/14.1.0/../../../../arm-none-eabi/lib/thumb/v7-m/nofp/libc_nano.a(libc_a-findfp.o)
__retarget_lock_release                           /usr/lib/gcc/arm-none-eabi/14.1.0/../../../../arm-none-eabi/lib/thumb/v7-m/nofp/libc_nano.a(libc_a-lock.o)
__retarget_lock_release_recursive                 /usr/lib/gcc/arm-none-eabi/14.1.0/../../../../arm-none-eabi/lib/thumb/v7-m/nofp/libc_nano.a(libc_a-lock.o)
                                                  /usr/lib/gcc/arm-none-eabi/14.1.0/../../../../arm-none-eabi/lib/thumb/v7-m/nofp/libc_nano.a(libc_a-fflush.o)
                                                  /usr/lib/gcc/arm-none-eabi/14.1.0/../../../../arm-none-eabi/lib/thumb/v7-m/nofp/libc_nano.a(libc_a-mlock.o)
                                                  /usr/lib/gcc/arm-none-eabi/14.1.0/../../../../arm-none-eabi/lib/thumb/v7-m/nofp/libc_nano.a(libc_a-__call_atexit.o)
                                                  /usr/lib/gcc/arm-none-eabi/14.1.0/../../../../arm-none-eabi/lib/thumb/v7-m/nofp/libc_nano.a(libc_a-__atexit.o)
                                                  /usr/lib/gcc/arm-none-eabi/14.1.0/../../../../arm-none-eabi/lib/thumb/v7-m/nofp/libc_nano.a(libc_a-findfp.o)
__retarget_lock_try_acquire                       /usr/lib/gcc/arm-none-eabi/14.1.0/../../../../arm-none-eabi/lib/thumb/v7-m/nofp/libc_nano.a(libc_a-lock.o)
__retarget_lock_try_acquire_recursive             /usr/lib/gcc/arm-none-eabi/14.1.0/../../../../arm-none-eabi/lib/thumb/v7-m/nofp/libc_nano.a(libc_a-lock.o)
__sclose                                          /usr/lib/gcc/arm-none-eabi/14.1.0/../../../../arm-none-eabi/lib/thumb/v7-m/nofp/libc_nano.a(libc_a-stdio.o)
                                                  /usr/lib/gcc/arm-none-eabi/14.1.0/../../../../arm-none-eabi/lib/thumb/v7-m/nofp/libc_nano.a(libc_a-findfp.o)
__seofread                                        /usr/lib/gcc/arm-none-eabi/14.1.0/../../../../arm-none-eabi/lib/thumb/v7-m/nofp/libc_nano.a(libc_a-stdio.o)
__sf                                              /usr/lib/gcc/arm-none-eabi/14.1.0/../../../../arm-none-eabi/lib/thumb/v7-m/nofp/libc_nano.a(libc_a-findfp.o)
                                                  /usr/lib/gcc/arm-none-eabi/14.1.0/../../../../arm-none-eabi/lib/thumb/v7-m/nofp/libc_nano.a(libc_a-impure.o)
__sflush_r                                        /usr/lib/gcc/arm-none-eabi/14.1.0/../../../../arm-none-eabi/lib/thumb/v7-m/nofp/libc_nano.a(libc_a-fflush.o)
__sfp                                             /usr/lib/gcc/arm-none-eabi/14.1.0/../../../../arm-none-eabi/lib/thumb/v7-m/nofp/libc_nano.a(libc_a-findfp.o)
__sfp_lock_acquire                                /usr/lib/gcc/arm-none-eabi/14.1.0/../../../../arm-none-eabi/lib/thumb/v7-m/nofp/libc_nano.a(libc_a-findfp.o)
__sfp_lock_release                                /usr/lib/gcc/arm-none-eabi/14.1.0/../../../../arm-none-eabi/lib/thumb/v7-m/nofp/libc_nano.a(libc_a-findfp.o)
__sglue                                           /usr/lib/gcc/arm-none-eabi/14.1.0/../../../../arm-none-eabi/lib/thumb/v7-m/nofp/libc_nano.a(libc_a-findfp.o)
                                                  /usr/lib/gcc/arm-none-eabi/14.1.0/../../../../arm-none-eabi/lib/thumb/v7-m/nofp/libc_nano.a(libc_a-fflush.o)
__sinit                                           /usr/lib/gcc/arm-none-eabi/14.1.0/../../../../arm-none-eabi/lib/thumb/v7-m/nofp/libc_nano.a(libc_a-findfp.o)
                                                  /usr/lib/gcc/arm-none-eabi/14.1.0/../../../../arm-none-eabi/lib/thumb/v7-m/nofp/libc_nano.a(libc_a-fflush.o)
__sread                                           /usr/lib/gcc/arm-none-eabi/14.1.0/../../../../arm-none-eabi/lib/thumb/v7-m/nofp/libc_nano.a(libc_a-stdio.o)
                                                  /usr/lib/gcc/arm-none-eabi/14.1.0/../../../../arm-none-eabi/lib/thumb/v7-m/nofp/libc_nano.a(libc_a-findfp.o)
__sseek                                           /usr/lib/gcc/arm-none-eabi/14.1.0/../../../../arm-none-eabi/lib/thumb/v7-m/nofp/libc_nano.a(libc_a-stdio.o)
                                                  /usr/lib/gcc/arm-none-eabi/14.1.0/../../../../arm-none-eabi/lib/thumb/v7-m/nofp/libc_nano.a(libc_a-findfp.o)
__stack                                           /usr/lib/gcc/arm-none-eabi/14.1.0/../../../../arm-none-eabi/lib/thumb/v7-m/nofp/crt0.o
__stdio_exit_handler                              /usr/lib/gcc/arm-none-eabi/14.1.0/../../../../arm-none-eabi/lib/thumb/v7-m/nofp/libc_nano.a(libc_a-findfp.o)
                                                  /usr/lib/gcc/arm-none-eabi/14.1.0/../../../../arm-none-eabi/lib/thumb/v7-m/nofp/libc_nano.a(libc_a-exit.o)
__swrite                                          /usr/lib/gcc/arm-none-eabi/14.1.0/../../../../arm-none-eabi/lib/thumb/v7-m/nofp/libc_nano.a(libc_a-stdio.o)
                                                  /usr/lib/gcc/arm-none-eabi/14.1.0/../../../../arm-none-eabi/lib/thumb/v7-m/nofp/libc_nano.a(libc_a-findfp.o)
_close                                            build/syscalls.o
                                                  /usr/lib/gcc/arm-none-eabi/14.1.0/../../../../arm-none-eabi/lib/thumb/v7-m/nofp/libc_nano.a(libc_a-closer.o)
_close_r                                          /usr/lib/gcc/arm-none-eabi/14.1.0/../../../../arm-none-eabi/lib/thumb/v7-m/nofp/libc_nano.a(libc_a-closer.o)
                                                  /usr/lib/gcc/arm-none-eabi/14.1.0/../../../../arm-none-eabi/lib/thumb/v7-m/nofp/libc_nano.a(libc_a-stdio.o)
_ebss                                             build/startup_stm32f103xb.o
_edata                                            build/startup_stm32f103xb.o
_end                                              build/sysmem.o
_estack                                           build/startup_stm32f103xb.o
                                                  build/sysmem.o
_execve                                           build/syscalls.o
_exit                                             build/syscalls.o
                                                  /usr/lib/gcc/arm-none-eabi/14.1.0/../../../../arm-none-eabi/lib/thumb/v7-m/nofp/libc_nano.a(libc_a-exit.o)
_fflush_r                                         /usr/lib/gcc/arm-none-eabi/14.1.0/../../../../arm-none-eabi/lib/thumb/v7-m/nofp/libc_nano.a(libc_a-fflush.o)
                                                  /usr/lib/gcc/arm-none-eabi/14.1.0/../../../../arm-none-eabi/lib/thumb/v7-m/nofp/libc_nano.a(libc_a-findfp.o)
_fini                                             /usr/lib/gcc/arm-none-eabi/14.1.0/thumb/v7-m/nofp/crti.o
                                                  /usr/lib/gcc/arm-none-eabi/14.1.0/../../../../arm-none-eabi/lib/thumb/v7-m/nofp/libc_nano.a(libc_a-fini.o)
_fork                                             build/syscalls.o
_free_r                                           /usr/lib/gcc/arm-none-eabi/14.1.0/../../../../arm-none-eabi/lib/thumb/v7-m/nofp/libc_nano.a(libc_a-freer.o)
                                                  /usr/lib/gcc/arm-none-eabi/14.1.0/../../../../arm-none-eabi/lib/thumb/v7-m/nofp/libc_nano.a(libc_a-fflush.o)
                                                  /usr/lib/gcc/arm-none-eabi/14.1.0/../../../../arm-none-eabi/lib/thumb/v7-m/nofp/libc_nano.a(libc_a-reent.o)
_fstat                                            build/syscalls.o
_fwalk_sglue                                      /usr/lib/gcc/arm-none-eabi/14.1.0/../../../../arm-none-eabi/lib/thumb/v7-m/nofp/libc_nano.a(libc_a-fwalk.o)
                                                  /usr/lib/gcc/arm-none-eabi/14.1.0/../../../../arm-none-eabi/lib/thumb/v7-m/nofp/libc_nano.a(libc_a-fflush.o)
                                                  /usr/lib/gcc/arm-none-eabi/14.1.0/../../../../arm-none-eabi/lib/thumb/v7-m/nofp/libc_nano.a(libc_a-findfp.o)
_getpid                                           build/syscalls.o
_impure_data                                      /usr/lib/gcc/arm-none-eabi/14.1.0/../../../../arm-none-eabi/lib/thumb/v7-m/nofp/libc_nano.a(libc_a-impure.o)
                                                  /usr/lib/gcc/arm-none-eabi/14.1.0/../../../../arm-none-eabi/lib/thumb/v7-m/nofp/libc_nano.a(libc_a-fflush.o)
                                                  /usr/lib/gcc/arm-none-eabi/14.1.0/../../../../arm-none-eabi/lib/thumb/v7-m/nofp/libc_nano.a(libc_a-findfp.o)
_impure_ptr                                       /usr/lib/gcc/arm-none-eabi/14.1.0/../../../../arm-none-eabi/lib/thumb/v7-m/nofp/libc_nano.a(libc_a-impure.o)
                                                  /usr/lib/gcc/arm-none-eabi/14.1.0/../../../../arm-none-eabi/lib/thumb/v7-m/nofp/libc_nano.a(libc_a-fflush.o)
                                                  /usr/lib/gcc/arm-none-eabi/14.1.0/../../../../arm-none-eabi/lib/thumb/v7-m/nofp/libc_nano.a(libc_a-errno.o)
                                                  /usr/lib/gcc/arm-none-eabi/14.1.0/../../../../arm-none-eabi/lib/thumb/v7-m/nofp/libc_nano.a(libc_a-reent.o)
_init                                             /usr/lib/gcc/arm-none-eabi/14.1.0/thumb/v7-m/nofp/crti.o
                                                  /usr/lib/gcc/arm-none-eabi/14.1.0/../../../../arm-none-eabi/lib/thumb/v7-m/nofp/libc_nano.a(libc_a-init.o)
_isatty                                           build/syscalls.o
_kill                                             build/syscalls.o
_link                                             build/syscalls.o
_lseek                                            build/syscalls.o
                                                  /usr/lib/gcc/arm-none-eabi/14.1.0/../../../../arm-none-eabi/lib/thumb/v7-m/nofp/libc_nano.a(libc_a-lseekr.o)
_lseek_r                                          /usr/lib/gcc/arm-none-eabi/14.1.0/../../../../arm-none-eabi/lib/thumb/v7-m/nofp/libc_nano.a(libc_a-lseekr.o)
                                                  /usr/lib/gcc/arm-none-eabi/14.1.0/../../../../arm-none-eabi/lib/thumb/v7-m/nofp/libc_nano.a(libc_a-stdio.o)
_mainCRTStartup                                   /usr/lib/gcc/arm-none-eabi/14.1.0/../../../../arm-none-eabi/lib/thumb/v7-m/nofp/crt0.o
_malloc_r                                         /usr/lib/gcc/arm-none-eabi/14.1.0/../../../../arm-none-eabi/lib/thumb/v7-m/nofp/libc_nano.a(libc_a-mallocr.o)
                                                  /usr/lib/gcc/arm-none-eabi/14.1.0/../../../../arm-none-eabi/lib/thumb/v7-m/nofp/libc_nano.a(libc_a-findfp.o)
_open                                             build/syscalls.o
_read                                             build/syscalls.o
                                                  /usr/lib/gcc/arm-none-eabi/14.1.0/../../../../arm-none-eabi/lib/thumb/v7-m/nofp/libc_nano.a(libc_a-readr.o)
_read_r                                           /usr/lib/gcc/arm-none-eabi/14.1.0/../../../../arm-none-eabi/lib/thumb/v7-m/nofp/libc_nano.a(libc_a-readr.o)
                                                  /usr/lib/gcc/arm-none-eabi/14.1.0/../../../../arm-none-eabi/lib/thumb/v7-m/nofp/libc_nano.a(libc_a-stdio.o)
_reclaim_reent                                    /usr/lib/gcc/arm-none-eabi/14.1.0/../../../../arm-none-eabi/lib/thumb/v7-m/nofp/libc_nano.a(libc_a-reent.o)
_sbrk                                             build/sysmem.o
                                                  /usr/lib/gcc/arm-none-eabi/14.1.0/../../../../arm-none-eabi/lib/thumb/v7-m/nofp/libc_nano.a(libc_a-sbrkr.o)
_sbrk_r                                           /usr/lib/gcc/arm-none-eabi/14.1.0/../../../../arm-none-eabi/lib/thumb/v7-m/nofp/libc_nano.a(libc_a-sbrkr.o)
                                                  /usr/lib/gcc/arm-none-eabi/14.1.0/../../../../arm-none-eabi/lib/thumb/v7-m/nofp/libc_nano.a(libc_a-mallocr.o)
_sbss                                             build/startup_stm32f103xb.o
_sdata                                            build/startup_stm32f103xb.o
_sidata                                           build/startup_stm32f103xb.o
_stack_init                                       /usr/lib/gcc/arm-none-eabi/14.1.0/../../../../arm-none-eabi/lib/thumb/v7-m/nofp/crt0.o
_start                                            /usr/lib/gcc/arm-none-eabi/14.1.0/../../../../arm-none-eabi/lib/thumb/v7-m/nofp/crt0.o
_stat                                             build/syscalls.o
_times                                            build/syscalls.o
_unlink                                           build/syscalls.o
_wait                                             build/syscalls.o
_write                                            build/syscalls.o
                                                  /usr/lib/gcc/arm-none-eabi/14.1.0/../../../../arm-none-eabi/lib/thumb/v7-m/nofp/libc_nano.a(libc_a-writer.o)
_write_r                                          /usr/lib/gcc/arm-none-eabi/14.1.0/../../../../arm-none-eabi/lib/thumb/v7-m/nofp/libc_nano.a(libc_a-writer.o)
                                                  /usr/lib/gcc/arm-none-eabi/14.1.0/../../../../arm-none-eabi/lib/thumb/v7-m/nofp/libc_nano.a(libc_a-stdio.o)
atexit                                            /usr/lib/gcc/arm-none-eabi/14.1.0/../../../../arm-none-eabi/lib/thumb/v7-m/nofp/libc_nano.a(libc_a-atexit.o)
                                                  /usr/lib/gcc/arm-none-eabi/14.1.0/../../../../arm-none-eabi/lib/thumb/v7-m/nofp/crt0.o
environ                                           build/syscalls.o
errno                                             /usr/lib/gcc/arm-none-eabi/14.1.0/../../../../arm-none-eabi/lib/thumb/v7-m/nofp/libc_nano.a(libc_a-reent.o)
                                                  /usr/lib/gcc/arm-none-eabi/14.1.0/../../../../arm-none-eabi/lib/thumb/v7-m/nofp/libc_nano.a(libc_a-sbrkr.o)
                                                  /usr/lib/gcc/arm-none-eabi/14.1.0/../../../../arm-none-eabi/lib/thumb/v7-m/nofp/libc_nano.a(libc_a-writer.o)
                                                  /usr/lib/gcc/arm-none-eabi/14.1.0/../../../../arm-none-eabi/lib/thumb/v7-m/nofp/libc_nano.a(libc_a-readr.o)
                                                  /usr/lib/gcc/arm-none-eabi/14.1.0/../../../../arm-none-eabi/lib/thumb/v7-m/nofp/libc_nano.a(libc_a-lseekr.o)
                                                  /usr/lib/gcc/arm-none-eabi/14.1.0/../../../../arm-none-eabi/lib/thumb/v7-m/nofp/libc_nano.a(libc_a-closer.o)
exit                                              /usr/lib/gcc/arm-none-eabi/14.1.0/../../../../arm-none-eabi/lib/thumb/v7-m/nofp/libc_nano.a(libc_a-exit.o)
                                                  /usr/lib/gcc/arm-none-eabi/14.1.0/../../../../arm-none-eabi/lib/thumb/v7-m/nofp/crt0.o
fflush                                            /usr/lib/gcc/arm-none-eabi/14.1.0/../../../../arm-none-eabi/lib/thumb/v7-m/nofp/libc_nano.a(libc_a-fflush.o)
g_pfnVectors                                      build/startup_stm32f103xb.o
hardware_init_hook                                /usr/lib/gcc/arm-none-eabi/14.1.0/../../../../arm-none-eabi/lib/thumb/v7-m/nofp/crt0.o
htim1                                             build/tim.o
                                                  build/main.o
htim2                                             build/tim.o
initialise_monitor_handles                        build/syscalls.o
main                                              build/main.o
                                                  build/startup_stm32f103xb.o
                                                  /usr/lib/gcc/arm-none-eabi/14.1.0/../../../../arm-none-eabi/lib/thumb/v7-m/nofp/crt0.o
malloc                                            /usr/lib/gcc/arm-none-eabi/14.1.0/../../../../arm-none-eabi/lib/thumb/v7-m/nofp/libc_nano.a(libc_a-__atexit.o)
memset                                            /usr/lib/gcc/arm-none-eabi/14.1.0/../../../../arm-none-eabi/lib/thumb/v7-m/nofp/libc_nano.a(libc_a-memset.o)
                                                  /usr/lib/gcc/arm-none-eabi/14.1.0/../../../../arm-none-eabi/lib/thumb/v7-m/nofp/libc_nano.a(libc_a-findfp.o)
                                                  build/tim.o
                                                  build/main.o
                                                  /usr/lib/gcc/arm-none-eabi/14.1.0/../../../../arm-none-eabi/lib/thumb/v7-m/nofp/crt0.o
pFlash                                            build/stm32f1xx_hal_flash.o
                                                  build/stm32f1xx_hal_flash_ex.o
software_init_hook                                /usr/lib/gcc/arm-none-eabi/14.1.0/../../../../arm-none-eabi/lib/thumb/v7-m/nofp/crt0.o
uwTick                                            build/stm32f1xx_hal.o
uwTickFreq                                        build/stm32f1xx_hal.o
uwTickPrio                                        build/stm32f1xx_hal.o
                                                  build/stm32f1xx_hal_rcc.o
