Archive member included to satisfy reference by file (symbol)

/usr/lib/gcc/arm-none-eabi/14.1.0/../../../../arm-none-eabi/lib/thumb/v7-m/nofp/libc_nano.a(libc_a-atexit.o)
                              /usr/lib/gcc/arm-none-eabi/14.1.0/../../../../arm-none-eabi/lib/thumb/v7-m/nofp/crt0.o (atexit)
/usr/lib/gcc/arm-none-eabi/14.1.0/../../../../arm-none-eabi/lib/thumb/v7-m/nofp/libc_nano.a(libc_a-exit.o)
                              /usr/lib/gcc/arm-none-eabi/14.1.0/../../../../arm-none-eabi/lib/thumb/v7-m/nofp/crt0.o (exit)
/usr/lib/gcc/arm-none-eabi/14.1.0/../../../../arm-none-eabi/lib/thumb/v7-m/nofp/libc_nano.a(libc_a-findfp.o)
                              /usr/lib/gcc/arm-none-eabi/14.1.0/../../../../arm-none-eabi/lib/thumb/v7-m/nofp/libc_nano.a(libc_a-exit.o) (__stdio_exit_handler)
/usr/lib/gcc/arm-none-eabi/14.1.0/../../../../arm-none-eabi/lib/thumb/v7-m/nofp/libc_nano.a(libc_a-fwalk.o)
                              /usr/lib/gcc/arm-none-eabi/14.1.0/../../../../arm-none-eabi/lib/thumb/v7-m/nofp/libc_nano.a(libc_a-findfp.o) (_fwalk_sglue)
/usr/lib/gcc/arm-none-eabi/14.1.0/../../../../arm-none-eabi/lib/thumb/v7-m/nofp/libc_nano.a(libc_a-stdio.o)
                              /usr/lib/gcc/arm-none-eabi/14.1.0/../../../../arm-none-eabi/lib/thumb/v7-m/nofp/libc_nano.a(libc_a-findfp.o) (__sread)
/usr/lib/gcc/arm-none-eabi/14.1.0/../../../../arm-none-eabi/lib/thumb/v7-m/nofp/libc_nano.a(libc_a-memset.o)
                              /usr/lib/gcc/arm-none-eabi/14.1.0/../../../../arm-none-eabi/lib/thumb/v7-m/nofp/crt0.o (memset)
/usr/lib/gcc/arm-none-eabi/14.1.0/../../../../arm-none-eabi/lib/thumb/v7-m/nofp/libc_nano.a(libc_a-closer.o)
                              /usr/lib/gcc/arm-none-eabi/14.1.0/../../../../arm-none-eabi/lib/thumb/v7-m/nofp/libc_nano.a(libc_a-stdio.o) (_close_r)
/usr/lib/gcc/arm-none-eabi/14.1.0/../../../../arm-none-eabi/lib/thumb/v7-m/nofp/libc_nano.a(libc_a-reent.o)
                              /usr/lib/gcc/arm-none-eabi/14.1.0/../../../../arm-none-eabi/lib/thumb/v7-m/nofp/libc_nano.a(libc_a-closer.o) (errno)
/usr/lib/gcc/arm-none-eabi/14.1.0/../../../../arm-none-eabi/lib/thumb/v7-m/nofp/libc_nano.a(libc_a-impure.o)
                              /usr/lib/gcc/arm-none-eabi/14.1.0/../../../../arm-none-eabi/lib/thumb/v7-m/nofp/libc_nano.a(libc_a-reent.o) (_impure_ptr)
/usr/lib/gcc/arm-none-eabi/14.1.0/../../../../arm-none-eabi/lib/thumb/v7-m/nofp/libc_nano.a(libc_a-lseekr.o)
                              /usr/lib/gcc/arm-none-eabi/14.1.0/../../../../arm-none-eabi/lib/thumb/v7-m/nofp/libc_nano.a(libc_a-stdio.o) (_lseek_r)
/usr/lib/gcc/arm-none-eabi/14.1.0/../../../../arm-none-eabi/lib/thumb/v7-m/nofp/libc_nano.a(libc_a-readr.o)
                              /usr/lib/gcc/arm-none-eabi/14.1.0/../../../../arm-none-eabi/lib/thumb/v7-m/nofp/libc_nano.a(libc_a-stdio.o) (_read_r)
/usr/lib/gcc/arm-none-eabi/14.1.0/../../../../arm-none-eabi/lib/thumb/v7-m/nofp/libc_nano.a(libc_a-writer.o)
                              /usr/lib/gcc/arm-none-eabi/14.1.0/../../../../arm-none-eabi/lib/thumb/v7-m/nofp/libc_nano.a(libc_a-stdio.o) (_write_r)
/usr/lib/gcc/arm-none-eabi/14.1.0/../../../../arm-none-eabi/lib/thumb/v7-m/nofp/libc_nano.a(libc_a-init.o)
                              /usr/lib/gcc/arm-none-eabi/14.1.0/../../../../arm-none-eabi/lib/thumb/v7-m/nofp/crt0.o (__libc_init_array)
/usr/lib/gcc/arm-none-eabi/14.1.0/../../../../arm-none-eabi/lib/thumb/v7-m/nofp/libc_nano.a(libc_a-fini.o)
                              /usr/lib/gcc/arm-none-eabi/14.1.0/../../../../arm-none-eabi/lib/thumb/v7-m/nofp/crt0.o (__libc_fini_array)
/usr/lib/gcc/arm-none-eabi/14.1.0/../../../../arm-none-eabi/lib/thumb/v7-m/nofp/libc_nano.a(libc_a-lock.o)
                              /usr/lib/gcc/arm-none-eabi/14.1.0/../../../../arm-none-eabi/lib/thumb/v7-m/nofp/libc_nano.a(libc_a-findfp.o) (__retarget_lock_init_recursive)
/usr/lib/gcc/arm-none-eabi/14.1.0/../../../../arm-none-eabi/lib/thumb/v7-m/nofp/libc_nano.a(libc_a-__atexit.o)
                              /usr/lib/gcc/arm-none-eabi/14.1.0/../../../../arm-none-eabi/lib/thumb/v7-m/nofp/libc_nano.a(libc_a-atexit.o) (__register_exitproc)
/usr/lib/gcc/arm-none-eabi/14.1.0/../../../../arm-none-eabi/lib/thumb/v7-m/nofp/libc_nano.a(libc_a-__call_atexit.o)
                              /usr/lib/gcc/arm-none-eabi/14.1.0/../../../../arm-none-eabi/lib/thumb/v7-m/nofp/libc_nano.a(libc_a-__atexit.o) (__call_exitprocs)
/usr/lib/gcc/arm-none-eabi/14.1.0/../../../../arm-none-eabi/lib/thumb/v7-m/nofp/libc_nano.a(libc_a-freer.o)
                              /usr/lib/gcc/arm-none-eabi/14.1.0/../../../../arm-none-eabi/lib/thumb/v7-m/nofp/libc_nano.a(libc_a-reent.o) (_free_r)
/usr/lib/gcc/arm-none-eabi/14.1.0/../../../../arm-none-eabi/lib/thumb/v7-m/nofp/libc_nano.a(libc_a-mallocr.o)
                              /usr/lib/gcc/arm-none-eabi/14.1.0/../../../../arm-none-eabi/lib/thumb/v7-m/nofp/libc_nano.a(libc_a-findfp.o) (_malloc_r)
[...]
Memory Configuration

Name             Origin             Length             Attributes
RAM              0x20000000         0x00005000         xrw
FLASH            0x08000000         0x00010000         xr
*default*        0x00000000         0xffffffff

Linker script and memory map

LOAD /usr/lib/gcc/arm-none-eabi/14.1.0/thumb/v7-m/nofp/crti.o
LOAD /usr/lib/gcc/arm-none-eabi/14.1.0/thumb/v7-m/nofp/crtbegin.o
LOAD /usr/lib/gcc/arm-none-eabi/14.1.0/../../../../arm-none-eabi/lib/thumb/v7-m/nofp/crt0.o
START GROUP
LOAD /usr/lib/gcc/arm-none-eabi/14.1.0/../../../../arm-none-eabi/lib/thumb/v7-m/nofp/libc_nano.a
LOAD /usr/lib/gcc/arm-none-eabi/14.1.0/../../../../arm-none-eabi/lib/thumb/v7-m/nofp/libm.a
END GROUP
LOAD CMakeFiles/LED.dir/Core/Src/main.c.obj
LOAD CMakeFiles/LED.dir/Core/Src/gpio.c.obj
LOAD CMakeFiles/LED.dir/Core/Src/rtc.c.obj
LOAD CMakeFiles/LED.dir/Core/Src/tim.c.obj
LOAD CMakeFiles/LED.dir/Core/Src/stm32f1xx_it.c.obj
LOAD CMakeFiles/LED.dir/Core/Src/stm32f1xx_hal_msp.c.obj
LOAD CMakeFiles/LED.dir/Drivers/STM32F1xx_HAL_Driver/Src/stm32f1xx_hal_gpio_ex.c.obj
LOAD CMakeFiles/LED.dir/Drivers/STM32F1xx_HAL_Driver/Src/stm32f1xx_hal_rtc.c.obj
LOAD CMakeFiles/LED.dir/Drivers/STM32F1xx_HAL_Driver/Src/stm32f1xx_hal_rtc_ex.c.obj
LOAD CMakeFiles/LED.dir/Drivers/STM32F1xx_HAL_Driver/Src/stm32f1xx_hal.c.obj
LOAD CMakeFiles/LED.dir/Drivers/STM32F1xx_HAL_Driver/Src/stm32f1xx_hal_rcc.c.obj
LOAD CMakeFiles/LED.dir/Drivers/STM32F1xx_HAL_Driver/Src/stm32f1xx_hal_rcc_ex.c.obj
LOAD CMakeFiles/LED.dir/Drivers/STM32F1xx_HAL_Driver/Src/stm32f1xx_hal_gpio.c.obj
LOAD CMakeFiles/LED.dir/Drivers/STM32F1xx_HAL_Driver/Src/stm32f1xx_hal_dma.c.obj
LOAD CMakeFiles/LED.dir/Drivers/STM32F1xx_HAL_Driver/Src/stm32f1xx_hal_cortex.c.obj
LOAD CMakeFiles/LED.dir/Drivers/STM32F1xx_HAL_Driver/Src/stm32f1xx_hal_pwr.c.obj
LOAD CMakeFiles/LED.dir/Drivers/STM32F1xx_HAL_Driver/Src/stm32f1xx_hal_flash.c.obj
LOAD CMakeFiles/LED.dir/Drivers/STM32F1xx_HAL_Driver/Src/stm32f1xx_hal_flash_ex.c.obj
LOAD CMakeFiles/LED.dir/Drivers/STM32F1xx_HAL_Driver/Src/stm32f1xx_hal_exti.c.obj
LOAD CMakeFiles/LED.dir/Drivers/STM32F1xx_HAL_Driver/Src/stm32f1xx_hal_tim.c.obj
LOAD CMakeFiles/LED.dir/Drivers/STM32F1xx_HAL_Driver/Src/stm32f1xx_hal_tim_ex.c.obj
LOAD CMakeFiles/LED.dir/Core/Src/system_stm32f1xx.c.obj
LOAD CMakeFiles/LED.dir/Core/Src/sysmem.c.obj
LOAD CMakeFiles/LED.dir/Core/Src/syscalls.c.obj
LOAD CMakeFiles/LED.dir/startup_stm32f103xb.s.obj
START GROUP
LOAD /usr/lib/gcc/arm-none-eabi/14.1.0/thumb/v7-m/nofp/libgcc.a
LOAD /usr/lib/gcc/arm-none-eabi/14.1.0/../../../../arm-none-eabi/lib/thumb/v7-m/nofp/libg_nano.a
LOAD /usr/lib/gcc/arm-none-eabi/14.1.0/../../../../arm-none-eabi/lib/thumb/v7-m/nofp/libc_nano.a
END GROUP
START GROUP
LOAD /usr/lib/gcc/arm-none-eabi/14.1.0/thumb/v7-m/nofp/libgcc.a
LOAD /usr/lib/gcc/arm-none-eabi/14.1.0/../../../../arm-none-eabi/lib/thumb/v7-m/nofp/libc_nano.a
END GROUP
LOAD /usr/lib/gcc/arm-none-eabi/14.1.0/thumb/v7-m/nofp/crtend.o
LOAD /usr/lib/gcc/arm-none-eabi/14.1.0/thumb/v7-m/nofp/crtn.o
                0x20005000                        _estack = (ORIGIN (RAM) + LENGTH (RAM))
                0x00000200                        _Min_Heap_Size = 0x200
                0x00000400                        _Min_Stack_Size = 0x400

.isr_vector     0x08000000      0x10c
                0x08000000                        . = ALIGN (0x4)
 *(.isr_vector)
 .isr_vector    0x08000000      0x10c CMakeFiles/LED.dir/startup_stm32f103xb.s.obj
                0x08000000                g_pfnVectors
                0x0800010c                        . = ALIGN (0x4)

.text           0x0800010c     0x2078
                0x0800010c                        . = ALIGN (0x4)
 *(.text)
 *(.text*)
 .text.__do_global_dtors_aux
                0x0800010c       0x24 /usr/lib/gcc/arm-none-eabi/14.1.0/thumb/v7-m/nofp/crtbegin.o
 .text.frame_dummy
                0x08000130       0x1c /usr/lib/gcc/arm-none-eabi/14.1.0/thumb/v7-m/nofp/crtbegin.o
 .text.memset   0x0800014c       0x10 /usr/lib/gcc/arm-none-eabi/14.1.0/../../../../arm-none-eabi/lib/thumb/v7-m/nofp/libc_nano.a(libc_a-memset.o)
                0x0800014c                memset
 .text.__libc_init_array
                0x0800015c       0x48 /usr/lib/gcc/arm-none-eabi/14.1.0/../../../../arm-none-eabi/lib/thumb/v7-m/nofp/libc_nano.a(libc_a-init.o)
                0x0800015c                __libc_init_array
 .text.main     0x080001a4       0x28 CMakeFiles/LED.dir/Core/Src/main.c.obj
                0x080001a4                main
 .text.SystemClock_Config
                0x080001cc       0xba CMakeFiles/LED.dir/Core/Src/main.c.obj
                0x080001cc                SystemClock_Config
 *fill*         0x08000286        0x2 
 .text.HAL_TIM_PeriodElapsedCallback
                0x08000288       0x40 CMakeFiles/LED.dir/Core/Src/main.c.obj
                0x08000288                HAL_TIM_PeriodElapsedCallback
 .text.Change_LED_State
                0x080002c8       0x18 CMakeFiles/LED.dir/Core/Src/main.c.obj
                0x080002c8                Change_LED_State
 .text.Error_Handler
                0x080002e0        0xc CMakeFiles/LED.dir/Core/Src/main.c.obj
                0x080002e0                Error_Handler
 .text.MX_GPIO_Init
                0x080002ec       0xb0 CMakeFiles/LED.dir/Core/Src/gpio.c.obj
                0x080002ec                MX_GPIO_Init
 .text.MX_RTC_Init
                0x0800039c       0x38 CMakeFiles/LED.dir/Core/Src/rtc.c.obj
                0x0800039c                MX_RTC_Init
 .text.HAL_RTC_MspInit
                0x080003d4       0x48 CMakeFiles/LED.dir/Core/Src/rtc.c.obj
                0x080003d4                HAL_RTC_MspInit
 .text.MX_TIM2_Init
                0x0800041c       0x9c CMakeFiles/LED.dir/Core/Src/tim.c.obj
                0x0800041c                MX_TIM2_Init
 .text.HAL_TIM_Base_MspInit
                0x080004b8       0x48 CMakeFiles/LED.dir/Core/Src/tim.c.obj
                0x080004b8                HAL_TIM_Base_MspInit
 .text.NMI_Handler
                0x08000500        0x8 CMakeFiles/LED.dir/Core/Src/stm32f1xx_it.c.obj
                0x08000500                NMI_Handler
 .text.HardFault_Handler
                0x08000508        0x8 CMakeFiles/LED.dir/Core/Src/stm32f1xx_it.c.obj
                0x08000508                HardFault_Handler
 .text.MemManage_Handler
                0x08000510        0x8 CMakeFiles/LED.dir/Core/Src/stm32f1xx_it.c.obj
                0x08000510                MemManage_Handler
 .text.BusFault_Handler
                0x08000518        0x8 CMakeFiles/LED.dir/Core/Src/stm32f1xx_it.c.obj
                0x08000518                BusFault_Handler
 .text.UsageFault_Handler
                0x08000520        0x8 CMakeFiles/LED.dir/Core/Src/stm32f1xx_it.c.obj
                0x08000520                UsageFault_Handler
 .text.SVC_Handler
                0x08000528        0xc CMakeFiles/LED.dir/Core/Src/stm32f1xx_it.c.obj
                0x08000528                SVC_Handler
 .text.DebugMon_Handler
                0x08000534        0xc CMakeFiles/LED.dir/Core/Src/stm32f1xx_it.c.obj
                0x08000534                DebugMon_Handler
 .text.PendSV_Handler
                0x08000540        0xc CMakeFiles/LED.dir/Core/Src/stm32f1xx_it.c.obj
                0x08000540                PendSV_Handler
 .text.SysTick_Handler
                0x0800054c        0xc CMakeFiles/LED.dir/Core/Src/stm32f1xx_it.c.obj
                0x0800054c                SysTick_Handler
 .text.TIM2_IRQHandler
                0x08000558       0x14 CMakeFiles/LED.dir/Core/Src/stm32f1xx_it.c.obj
                0x08000558                TIM2_IRQHandler
 .text.HAL_MspInit
                0x0800056c       0x64 CMakeFiles/LED.dir/Core/Src/stm32f1xx_hal_msp.c.obj
                0x0800056c                HAL_MspInit
 .text.HAL_RTC_Init
                0x080005d0      0x118 CMakeFiles/LED.dir/Drivers/STM32F1xx_HAL_Driver/Src/stm32f1xx_hal_rtc.c.obj
                0x080005d0                HAL_RTC_Init
 .text.HAL_RTC_WaitForSynchro
                0x080006e8       0x5a CMakeFiles/LED.dir/Drivers/STM32F1xx_HAL_Driver/Src/stm32f1xx_hal_rtc.c.obj
                0x080006e8                HAL_RTC_WaitForSynchro
 .text.RTC_EnterInitMode
                0x08000742       0x50 CMakeFiles/LED.dir/Drivers/STM32F1xx_HAL_Driver/Src/stm32f1xx_hal_rtc.c.obj
 .text.RTC_ExitInitMode
                0x08000792       0x50 CMakeFiles/LED.dir/Drivers/STM32F1xx_HAL_Driver/Src/stm32f1xx_hal_rtc.c.obj
 *fill*         0x080007e2        0x2 
 .text.HAL_Init
                0x080007e4       0x2c CMakeFiles/LED.dir/Drivers/STM32F1xx_HAL_Driver/Src/stm32f1xx_hal.c.obj
                0x080007e4                HAL_Init
 .text.HAL_InitTick
                0x08000810       0x60 CMakeFiles/LED.dir/Drivers/STM32F1xx_HAL_Driver/Src/stm32f1xx_hal.c.obj
                0x08000810                HAL_InitTick
 .text.HAL_IncTick
                0x08000870       0x24 CMakeFiles/LED.dir/Drivers/STM32F1xx_HAL_Driver/Src/stm32f1xx_hal.c.obj
                0x08000870                HAL_IncTick
 .text.HAL_GetTick
                0x08000894       0x14 CMakeFiles/LED.dir/Drivers/STM32F1xx_HAL_Driver/Src/stm32f1xx_hal.c.obj
                0x08000894                HAL_GetTick
 .text.HAL_RCC_OscConfig
                0x080008a8      0x504 CMakeFiles/LED.dir/Drivers/STM32F1xx_HAL_Driver/Src/stm32f1xx_hal_rcc.c.obj
                0x080008a8                HAL_RCC_OscConfig
 .text.HAL_RCC_ClockConfig
                0x08000dac      0x1d4 CMakeFiles/LED.dir/Drivers/STM32F1xx_HAL_Driver/Src/stm32f1xx_hal_rcc.c.obj
                0x08000dac                HAL_RCC_ClockConfig
 .text.HAL_RCC_GetSysClockFreq
                0x08000f80       0xa8 CMakeFiles/LED.dir/Drivers/STM32F1xx_HAL_Driver/Src/stm32f1xx_hal_rcc.c.obj
                0x08000f80                HAL_RCC_GetSysClockFreq
 .text.HAL_RCC_GetHCLKFreq
                0x08001028       0x14 CMakeFiles/LED.dir/Drivers/STM32F1xx_HAL_Driver/Src/stm32f1xx_hal_rcc.c.obj
                0x08001028                HAL_RCC_GetHCLKFreq
 .text.HAL_RCC_GetPCLK2Freq
                0x0800103c       0x28 CMakeFiles/LED.dir/Drivers/STM32F1xx_HAL_Driver/Src/stm32f1xx_hal_rcc.c.obj
                0x0800103c                HAL_RCC_GetPCLK2Freq
 .text.RCC_Delay
                0x08001064       0x3c CMakeFiles/LED.dir/Drivers/STM32F1xx_HAL_Driver/Src/stm32f1xx_hal_rcc.c.obj
 .text.HAL_RCCEx_PeriphCLKConfig
                0x080010a0      0x16c CMakeFiles/LED.dir/Drivers/STM32F1xx_HAL_Driver/Src/stm32f1xx_hal_rcc_ex.c.obj
                0x080010a0                HAL_RCCEx_PeriphCLKConfig
 .text.HAL_RCCEx_GetPeriphCLKFreq
                0x0800120c      0x16c CMakeFiles/LED.dir/Drivers/STM32F1xx_HAL_Driver/Src/stm32f1xx_hal_rcc_ex.c.obj
                0x0800120c                HAL_RCCEx_GetPeriphCLKFreq
 .text.HAL_GPIO_Init
                0x08001378      0x308 CMakeFiles/LED.dir/Drivers/STM32F1xx_HAL_Driver/Src/stm32f1xx_hal_gpio.c.obj
                0x08001378                HAL_GPIO_Init
 .text.HAL_GPIO_WritePin
                0x08001680       0x30 CMakeFiles/LED.dir/Drivers/STM32F1xx_HAL_Driver/Src/stm32f1xx_hal_gpio.c.obj
                0x08001680                HAL_GPIO_WritePin
 .text.HAL_GPIO_TogglePin
                0x080016b0       0x32 CMakeFiles/LED.dir/Drivers/STM32F1xx_HAL_Driver/Src/stm32f1xx_hal_gpio.c.obj
                0x080016b0                HAL_GPIO_TogglePin
 *fill*         0x080016e2        0x2 
 .text.__NVIC_SetPriorityGrouping
                0x080016e4       0x48 CMakeFiles/LED.dir/Drivers/STM32F1xx_HAL_Driver/Src/stm32f1xx_hal_cortex.c.obj
 .text.__NVIC_GetPriorityGrouping
                0x0800172c       0x1c CMakeFiles/LED.dir/Drivers/STM32F1xx_HAL_Driver/Src/stm32f1xx_hal_cortex.c.obj
 .text.__NVIC_EnableIRQ
                0x08001748       0x38 CMakeFiles/LED.dir/Drivers/STM32F1xx_HAL_Driver/Src/stm32f1xx_hal_cortex.c.obj
 .text.__NVIC_SetPriority
                0x08001780       0x54 CMakeFiles/LED.dir/Drivers/STM32F1xx_HAL_Driver/Src/stm32f1xx_hal_cortex.c.obj
 .text.NVIC_EncodePriority
                0x080017d4       0x64 CMakeFiles/LED.dir/Drivers/STM32F1xx_HAL_Driver/Src/stm32f1xx_hal_cortex.c.obj
 .text.SysTick_Config
                0x08001838       0x44 CMakeFiles/LED.dir/Drivers/STM32F1xx_HAL_Driver/Src/stm32f1xx_hal_cortex.c.obj
 .text.HAL_NVIC_SetPriorityGrouping
                0x0800187c       0x16 CMakeFiles/LED.dir/Drivers/STM32F1xx_HAL_Driver/Src/stm32f1xx_hal_cortex.c.obj
                0x0800187c                HAL_NVIC_SetPriorityGrouping
 .text.HAL_NVIC_SetPriority
                0x08001892       0x38 CMakeFiles/LED.dir/Drivers/STM32F1xx_HAL_Driver/Src/stm32f1xx_hal_cortex.c.obj
                0x08001892                HAL_NVIC_SetPriority
 .text.HAL_NVIC_EnableIRQ
                0x080018ca       0x1c CMakeFiles/LED.dir/Drivers/STM32F1xx_HAL_Driver/Src/stm32f1xx_hal_cortex.c.obj
                0x080018ca                HAL_NVIC_EnableIRQ
 .text.HAL_SYSTICK_Config
                0x080018e6       0x18 CMakeFiles/LED.dir/Drivers/STM32F1xx_HAL_Driver/Src/stm32f1xx_hal_cortex.c.obj
                0x080018e6                HAL_SYSTICK_Config
 *fill*         0x080018fe        0x2 
 .text.HAL_PWR_EnableBkUpAccess
                0x08001900       0x18 CMakeFiles/LED.dir/Drivers/STM32F1xx_HAL_Driver/Src/stm32f1xx_hal_pwr.c.obj
                0x08001900                HAL_PWR_EnableBkUpAccess
 .text.HAL_TIM_Base_Init
                0x08001918       0x9e CMakeFiles/LED.dir/Drivers/STM32F1xx_HAL_Driver/Src/stm32f1xx_hal_tim.c.obj
                0x08001918                HAL_TIM_Base_Init
 *fill*         0x080019b6        0x2 
 .text.HAL_TIM_Base_Start_IT
                0x080019b8       0xa4 CMakeFiles/LED.dir/Drivers/STM32F1xx_HAL_Driver/Src/stm32f1xx_hal_tim.c.obj
                0x080019b8                HAL_TIM_Base_Start_IT
 .text.HAL_TIM_IRQHandler
                0x08001a5c      0x210 CMakeFiles/LED.dir/Drivers/STM32F1xx_HAL_Driver/Src/stm32f1xx_hal_tim.c.obj
                0x08001a5c                HAL_TIM_IRQHandler
 .text.HAL_TIM_ConfigClockSource
                0x08001c6c      0x18e CMakeFiles/LED.dir/Drivers/STM32F1xx_HAL_Driver/Src/stm32f1xx_hal_tim.c.obj
                0x08001c6c                HAL_TIM_ConfigClockSource
 .text.HAL_TIM_OC_DelayElapsedCallback
                0x08001dfa       0x12 CMakeFiles/LED.dir/Drivers/STM32F1xx_HAL_Driver/Src/stm32f1xx_hal_tim.c.obj
                0x08001dfa                HAL_TIM_OC_DelayElapsedCallback
 .text.HAL_TIM_IC_CaptureCallback
                0x08001e0c       0x12 CMakeFiles/LED.dir/Drivers/STM32F1xx_HAL_Driver/Src/stm32f1xx_hal_tim.c.obj
                0x08001e0c                HAL_TIM_IC_CaptureCallback
 .text.HAL_TIM_PWM_PulseFinishedCallback
                0x08001e1e       0x12 CMakeFiles/LED.dir/Drivers/STM32F1xx_HAL_Driver/Src/stm32f1xx_hal_tim.c.obj
                0x08001e1e                HAL_TIM_PWM_PulseFinishedCallback
 .text.HAL_TIM_TriggerCallback
                0x08001e30       0x12 CMakeFiles/LED.dir/Drivers/STM32F1xx_HAL_Driver/Src/stm32f1xx_hal_tim.c.obj
                0x08001e30                HAL_TIM_TriggerCallback
 *fill*         0x08001e42        0x2 
 .text.TIM_Base_SetConfig
                0x08001e44       0xc4 CMakeFiles/LED.dir/Drivers/STM32F1xx_HAL_Driver/Src/stm32f1xx_hal_tim.c.obj
                0x08001e44                TIM_Base_SetConfig
 .text.TIM_TI1_ConfigInputStage
                0x08001f08       0x5c CMakeFiles/LED.dir/Drivers/STM32F1xx_HAL_Driver/Src/stm32f1xx_hal_tim.c.obj
 .text.TIM_TI2_ConfigInputStage
                0x08001f64       0x5e CMakeFiles/LED.dir/Drivers/STM32F1xx_HAL_Driver/Src/stm32f1xx_hal_tim.c.obj
 .text.TIM_ITRx_SetConfig
                0x08001fc2       0x34 CMakeFiles/LED.dir/Drivers/STM32F1xx_HAL_Driver/Src/stm32f1xx_hal_tim.c.obj
 .text.TIM_ETR_SetConfig
                0x08001ff6       0x3e CMakeFiles/LED.dir/Drivers/STM32F1xx_HAL_Driver/Src/stm32f1xx_hal_tim.c.obj
                0x08001ff6                TIM_ETR_SetConfig
 .text.HAL_TIMEx_MasterConfigSynchronization
                0x08002034       0xbc CMakeFiles/LED.dir/Drivers/STM32F1xx_HAL_Driver/Src/stm32f1xx_hal_tim_ex.c.obj
                0x08002034                HAL_TIMEx_MasterConfigSynchronization
 .text.HAL_TIMEx_CommutCallback
                0x080020f0       0x12 CMakeFiles/LED.dir/Drivers/STM32F1xx_HAL_Driver/Src/stm32f1xx_hal_tim_ex.c.obj
                0x080020f0                HAL_TIMEx_CommutCallback
 .text.HAL_TIMEx_BreakCallback
                0x08002102       0x12 CMakeFiles/LED.dir/Drivers/STM32F1xx_HAL_Driver/Src/stm32f1xx_hal_tim_ex.c.obj
                0x08002102                HAL_TIMEx_BreakCallback
 .text.SystemInit
                0x08002114        0xc CMakeFiles/LED.dir/Core/Src/system_stm32f1xx.c.obj
                0x08002114                SystemInit
 .text.Reset_Handler
                0x08002120       0x48 CMakeFiles/LED.dir/startup_stm32f103xb.s.obj
                0x08002120                Reset_Handler
 .text.Default_Handler
                0x08002168        0x2 CMakeFiles/LED.dir/startup_stm32f103xb.s.obj
                0x08002168                RTC_Alarm_IRQHandler
                0x08002168                EXTI2_IRQHandler
                0x08002168                TIM1_CC_IRQHandler
                0x08002168                PVD_IRQHandler
                0x08002168                EXTI3_IRQHandler
                0x08002168                EXTI0_IRQHandler
                0x08002168                I2C2_EV_IRQHandler
                0x08002168                ADC1_2_IRQHandler
                0x08002168                SPI1_IRQHandler
                0x08002168                TAMPER_IRQHandler
                0x08002168                DMA1_Channel4_IRQHandler
                0x08002168                USART3_IRQHandler
                0x08002168                RTC_IRQHandler
                0x08002168                DMA1_Channel7_IRQHandler
                0x08002168                CAN1_RX1_IRQHandler
                0x08002168                TIM4_IRQHandler
                0x08002168                I2C1_EV_IRQHandler
                0x08002168                DMA1_Channel6_IRQHandler
                0x08002168                TIM3_IRQHandler
                0x08002168                RCC_IRQHandler
                0x08002168                TIM1_TRG_COM_IRQHandler
                0x08002168                DMA1_Channel1_IRQHandler
                0x08002168                Default_Handler
                0x08002168                EXTI15_10_IRQHandler
                0x08002168                EXTI9_5_IRQHandler
                0x08002168                SPI2_IRQHandler
                0x08002168                DMA1_Channel5_IRQHandler
                0x08002168                EXTI4_IRQHandler
                0x08002168                USB_LP_CAN1_RX0_IRQHandler
                0x08002168                USB_HP_CAN1_TX_IRQHandler
                0x08002168                DMA1_Channel3_IRQHandler
                0x08002168                TIM1_UP_IRQHandler
                0x08002168                WWDG_IRQHandler
                0x08002168                TIM1_BRK_IRQHandler
                0x08002168                EXTI1_IRQHandler
                0x08002168                USART2_IRQHandler
                0x08002168                I2C2_ER_IRQHandler
                0x08002168                DMA1_Channel2_IRQHandler
                0x08002168                CAN1_SCE_IRQHandler
                0x08002168                FLASH_IRQHandler
                0x08002168                USART1_IRQHandler
                0x08002168                I2C1_ER_IRQHandler
                0x08002168                USBWakeUp_IRQHandler
 *(.glue_7)
 .glue_7        0x0800216a        0x0 linker stubs
 *(.glue_7t)
 .glue_7t       0x0800216a        0x0 linker stubs
 *(.eh_frame)
 *fill*         0x0800216a        0x2 
 .eh_frame      0x0800216c        0x0 /usr/lib/gcc/arm-none-eabi/14.1.0/thumb/v7-m/nofp/crtbegin.o
 *(.init)
 .init          0x0800216c        0x4 /usr/lib/gcc/arm-none-eabi/14.1.0/thumb/v7-m/nofp/crti.o
                0x0800216c                _init
 .init          0x08002170        0x8 /usr/lib/gcc/arm-none-eabi/14.1.0/thumb/v7-m/nofp/crtn.o
 *(.fini)
 .fini          0x08002178        0x4 /usr/lib/gcc/arm-none-eabi/14.1.0/thumb/v7-m/nofp/crti.o
                0x08002178                _fini
 .fini          0x0800217c        0x8 /usr/lib/gcc/arm-none-eabi/14.1.0/thumb/v7-m/nofp/crtn.o
                0x08002184                        . = ALIGN (0x4)
                0x08002184                        _etext = .

.vfp11_veneer   0x08002184        0x0
 .vfp11_veneer  0x08002184        0x0 linker stubs

.v4_bx          0x08002184        0x0
 .v4_bx         0x08002184        0x0 linker stubs

.iplt           0x08002184        0x0
 .iplt          0x08002184        0x0 /usr/lib/gcc/arm-none-eabi/14.1.0/thumb/v7-m/nofp/crtbegin.o

.rodata         0x08002184       0x40
                0x08002184                        . = ALIGN (0x4)
 *(.rodata)
 *(.rodata*)
 .rodata.aPLLMULFactorTable.1
                0x08002184       0x10 CMakeFiles/LED.dir/Drivers/STM32F1xx_HAL_Driver/Src/stm32f1xx_hal_rcc.c.obj
 .rodata.aPredivFactorTable.0
                0x08002194        0x2 CMakeFiles/LED.dir/Drivers/STM32F1xx_HAL_Driver/Src/stm32f1xx_hal_rcc.c.obj
 *fill*         0x08002196        0x2 
 .rodata.aPLLMULFactorTable.1
                0x08002198       0x10 CMakeFiles/LED.dir/Drivers/STM32F1xx_HAL_Driver/Src/stm32f1xx_hal_rcc_ex.c.obj
 .rodata.aPredivFactorTable.0
                0x080021a8        0x2 CMakeFiles/LED.dir/Drivers/STM32F1xx_HAL_Driver/Src/stm32f1xx_hal_rcc_ex.c.obj
 *fill*         0x080021aa        0x2 
 .rodata.AHBPrescTable
                0x080021ac       0x10 CMakeFiles/LED.dir/Core/Src/system_stm32f1xx.c.obj
                0x080021ac                AHBPrescTable
 .rodata.APBPrescTable
                0x080021bc        0x8 CMakeFiles/LED.dir/Core/Src/system_stm32f1xx.c.obj
                0x080021bc                APBPrescTable
                0x080021c4                        . = ALIGN (0x4)

.rel.dyn        0x080021c4        0x0
 .rel.iplt      0x080021c4        0x0 /usr/lib/gcc/arm-none-eabi/14.1.0/thumb/v7-m/nofp/crtbegin.o

.ARM.extab
 *(.ARM.extab* .gnu.linkonce.armextab.*)

.ARM            0x080021c4        0x0
                0x080021c4                        __exidx_start = .
 *(.ARM.exidx*)
                0x080021c4                        __exidx_end = .

.preinit_array  0x080021c4        0x0
                0x080021c4                        PROVIDE (__preinit_array_start = .)
 *(.preinit_array*)
                0x080021c4                        PROVIDE (__preinit_array_end = .)

.init_array     0x080021c4        0x4
                0x080021c4                        PROVIDE (__init_array_start = .)
 *(SORT_BY_NAME(.init_array.*))
 *(.init_array*)
 .init_array    0x080021c4        0x4 /usr/lib/gcc/arm-none-eabi/14.1.0/thumb/v7-m/nofp/crtbegin.o
                0x080021c8                        PROVIDE (__init_array_end = .)

.fini_array     0x080021c8        0x4
                0x080021c8                        PROVIDE (__fini_array_start = .)
 *(SORT_BY_NAME(.fini_array.*))
 *(.fini_array*)
 .fini_array    0x080021c8        0x4 /usr/lib/gcc/arm-none-eabi/14.1.0/thumb/v7-m/nofp/crtbegin.o
                0x080021cc                        PROVIDE (__fini_array_end = .)
                0x080021cc                        _sidata = LOADADDR (.data)

.data           0x20000000        0xc load address 0x080021cc
                0x20000000                        . = ALIGN (0x4)
                0x20000000                        _sdata = .
 *(.data)
 *(.data*)
 .data.uwTickPrio
                0x20000000        0x4 CMakeFiles/LED.dir/Drivers/STM32F1xx_HAL_Driver/Src/stm32f1xx_hal.c.obj
                0x20000000                uwTickPrio
 .data.uwTickFreq
                0x20000004        0x1 CMakeFiles/LED.dir/Drivers/STM32F1xx_HAL_Driver/Src/stm32f1xx_hal.c.obj
                0x20000004                uwTickFreq
 *fill*         0x20000005        0x3 
 .data.SystemCoreClock
                0x20000008        0x4 CMakeFiles/LED.dir/Core/Src/system_stm32f1xx.c.obj
                0x20000008                SystemCoreClock
                0x2000000c                        . = ALIGN (0x4)
                0x2000000c                        _edata = .

.igot.plt       0x2000000c        0x0 load address 0x080021d8
 .igot.plt      0x2000000c        0x0 /usr/lib/gcc/arm-none-eabi/14.1.0/thumb/v7-m/nofp/crtbegin.o
                0x2000000c                        . = ALIGN (0x4)

.bss            0x2000000c       0x80 load address 0x080021d8
                0x2000000c                        _sbss = .
                0x2000000c                        __bss_start__ = _sbss
 *(.bss)
 *(.bss*)
 .bss.completed.1
                0x2000000c        0x1 /usr/lib/gcc/arm-none-eabi/14.1.0/thumb/v7-m/nofp/crtbegin.o
 *fill*         0x2000000d        0x3 
 .bss.object.0  0x20000010       0x18 /usr/lib/gcc/arm-none-eabi/14.1.0/thumb/v7-m/nofp/crtbegin.o
 .bss.counter   0x20000028        0x2 CMakeFiles/LED.dir/Core/Src/main.c.obj
                0x20000028                counter
 *fill*         0x2000002a        0x2 
 .bss.hrtc      0x2000002c       0x14 CMakeFiles/LED.dir/Core/Src/rtc.c.obj
                0x2000002c                hrtc
 .bss.htim2     0x20000040       0x48 CMakeFiles/LED.dir/Core/Src/tim.c.obj
                0x20000040                htim2
 .bss.uwTick    0x20000088        0x4 CMakeFiles/LED.dir/Drivers/STM32F1xx_HAL_Driver/Src/stm32f1xx_hal.c.obj
                0x20000088                uwTick
 *(COMMON)
                0x2000008c                        . = ALIGN (0x4)
                0x2000008c                        _ebss = .
                0x2000008c                        __bss_end__ = _ebss

._user_heap_stack
                0x2000008c      0x604 load address 0x080021d8
                0x20000090                        . = ALIGN (0x8)
 *fill*         0x2000008c        0x4 
                [!provide]                        PROVIDE (end = .)
                0x20000090                        PROVIDE (_end = .)
                0x20000290                        . = (. + _Min_Heap_Size)
 *fill*         0x20000090      0x200 
                0x20000690                        . = (. + _Min_Stack_Size)
 *fill*         0x20000290      0x400 
                0x20000690                        . = ALIGN (0x8)

/DISCARD/
 libc.a(*)
 libm.a(*)
 libgcc.a(*)

.ARM.attributes
                0x00000000       0x29
 *(.ARM.attributes)
 .ARM.attributes
                0x00000000       0x1d /usr/lib/gcc/arm-none-eabi/14.1.0/thumb/v7-m/nofp/crti.o
 .ARM.attributes
                0x0000001d       0x2d /usr/lib/gcc/arm-none-eabi/14.1.0/thumb/v7-m/nofp/crtbegin.o
 .ARM.attributes
                0x0000004a       0x2d /usr/lib/gcc/arm-none-eabi/14.1.0/../../../../arm-none-eabi/lib/thumb/v7-m/nofp/libc_nano.a(libc_a-memset.o)
 .ARM.attributes
                0x00000077       0x2d /usr/lib/gcc/arm-none-eabi/14.1.0/../../../../arm-none-eabi/lib/thumb/v7-m/nofp/libc_nano.a(libc_a-init.o)
 .ARM.attributes
                0x000000a4       0x2d CMakeFiles/LED.dir/Core/Src/main.c.obj
 .ARM.attributes
                0x000000d1       0x2d CMakeFiles/LED.dir/Core/Src/gpio.c.obj
 .ARM.attributes
                0x000000fe       0x2d CMakeFiles/LED.dir/Core/Src/rtc.c.obj
 .ARM.attributes
                0x0000012b       0x2d CMakeFiles/LED.dir/Core/Src/tim.c.obj
 .ARM.attributes
                0x00000158       0x2d CMakeFiles/LED.dir/Core/Src/stm32f1xx_it.c.obj
 .ARM.attributes
                0x00000185       0x2d CMakeFiles/LED.dir/Core/Src/stm32f1xx_hal_msp.c.obj
 .ARM.attributes
                0x000001b2       0x2d CMakeFiles/LED.dir/Drivers/STM32F1xx_HAL_Driver/Src/stm32f1xx_hal_rtc.c.obj
 .ARM.attributes
                0x000001df       0x2d CMakeFiles/LED.dir/Drivers/STM32F1xx_HAL_Driver/Src/stm32f1xx_hal.c.obj
 .ARM.attributes
                0x0000020c       0x2d CMakeFiles/LED.dir/Drivers/STM32F1xx_HAL_Driver/Src/stm32f1xx_hal_rcc.c.obj
 .ARM.attributes
                0x00000239       0x2d CMakeFiles/LED.dir/Drivers/STM32F1xx_HAL_Driver/Src/stm32f1xx_hal_rcc_ex.c.obj
 .ARM.attributes
                0x00000266       0x2d CMakeFiles/LED.dir/Drivers/STM32F1xx_HAL_Driver/Src/stm32f1xx_hal_gpio.c.obj
 .ARM.attributes
                0x00000293       0x2d CMakeFiles/LED.dir/Drivers/STM32F1xx_HAL_Driver/Src/stm32f1xx_hal_cortex.c.obj
 .ARM.attributes
                0x000002c0       0x2d CMakeFiles/LED.dir/Drivers/STM32F1xx_HAL_Driver/Src/stm32f1xx_hal_pwr.c.obj
 .ARM.attributes
                0x000002ed       0x2d CMakeFiles/LED.dir/Drivers/STM32F1xx_HAL_Driver/Src/stm32f1xx_hal_tim.c.obj
 .ARM.attributes
                0x0000031a       0x2d CMakeFiles/LED.dir/Drivers/STM32F1xx_HAL_Driver/Src/stm32f1xx_hal_tim_ex.c.obj
 .ARM.attributes
                0x00000347       0x2d CMakeFiles/LED.dir/Core/Src/system_stm32f1xx.c.obj
 .ARM.attributes
                0x00000374       0x21 CMakeFiles/LED.dir/startup_stm32f103xb.s.obj
 .ARM.attributes
                0x00000395       0x1d /usr/lib/gcc/arm-none-eabi/14.1.0/thumb/v7-m/nofp/crtn.o
OUTPUT(LED.elf elf32-littlearm)
LOAD linker stubs
LOAD /usr/lib/gcc/arm-none-eabi/14.1.0/../../../../arm-none-eabi/lib/thumb/v7-m/nofp/libc.a
LOAD /usr/lib/gcc/arm-none-eabi/14.1.0/../../../../arm-none-eabi/lib/thumb/v7-m/nofp/libm.a
LOAD /usr/lib/gcc/arm-none-eabi/14.1.0/thumb/v7-m/nofp/libgcc.a

.debug_info     0x00000000     0x9a1a
 .debug_info    0x00000000       0xe0 /usr/lib/gcc/arm-none-eabi/14.1.0/../../../../arm-none-eabi/lib/thumb/v7-m/nofp/libc_nano.a(libc_a-memset.o)
 .debug_info    0x000000e0      0x10b /usr/lib/gcc/arm-none-eabi/14.1.0/../../../../arm-none-eabi/lib/thumb/v7-m/nofp/libc_nano.a(libc_a-init.o)
 .debug_info    0x000001eb      0x997 CMakeFiles/LED.dir/Core/Src/main.c.obj
 .debug_info    0x00000b82      0x2d3 CMakeFiles/LED.dir/Core/Src/gpio.c.obj
 .debug_info    0x00000e55      0x3ea CMakeFiles/LED.dir/Core/Src/rtc.c.obj
 .debug_info    0x0000123f      0x9bb CMakeFiles/LED.dir/Core/Src/tim.c.obj
 .debug_info    0x00001bfa      0x6a1 CMakeFiles/LED.dir/Core/Src/stm32f1xx_it.c.obj
 .debug_info    0x0000229b      0x1f1 CMakeFiles/LED.dir/Core/Src/stm32f1xx_hal_msp.c.obj
 .debug_info    0x0000248c      0xc73 CMakeFiles/LED.dir/Drivers/STM32F1xx_HAL_Driver/Src/stm32f1xx_hal_rtc.c.obj
 .debug_info    0x000030ff      0x704 CMakeFiles/LED.dir/Drivers/STM32F1xx_HAL_Driver/Src/stm32f1xx_hal.c.obj
 .debug_info    0x00003803      0x7d5 CMakeFiles/LED.dir/Drivers/STM32F1xx_HAL_Driver/Src/stm32f1xx_hal_rcc.c.obj
 .debug_info    0x00003fd8      0x3c0 CMakeFiles/LED.dir/Drivers/STM32F1xx_HAL_Driver/Src/stm32f1xx_hal_rcc_ex.c.obj
 .debug_info    0x00004398      0x5ab CMakeFiles/LED.dir/Drivers/STM32F1xx_HAL_Driver/Src/stm32f1xx_hal_gpio.c.obj
 .debug_info    0x00004943      0xa87 CMakeFiles/LED.dir/Drivers/STM32F1xx_HAL_Driver/Src/stm32f1xx_hal_cortex.c.obj
 .debug_info    0x000053ca      0x628 CMakeFiles/LED.dir/Drivers/STM32F1xx_HAL_Driver/Src/stm32f1xx_hal_pwr.c.obj
 .debug_info    0x000059f2     0x293b CMakeFiles/LED.dir/Drivers/STM32F1xx_HAL_Driver/Src/stm32f1xx_hal_tim.c.obj
 .debug_info    0x0000832d     0x149b CMakeFiles/LED.dir/Drivers/STM32F1xx_HAL_Driver/Src/stm32f1xx_hal_tim_ex.c.obj
 .debug_info    0x000097c8      0x222 CMakeFiles/LED.dir/Core/Src/system_stm32f1xx.c.obj
 .debug_info    0x000099ea       0x30 CMakeFiles/LED.dir/startup_stm32f103xb.s.obj

.debug_abbrev   0x00000000     0x20c3
 .debug_abbrev  0x00000000       0x9e /usr/lib/gcc/arm-none-eabi/14.1.0/../../../../arm-none-eabi/lib/thumb/v7-m/nofp/libc_nano.a(libc_a-memset.o)
 .debug_abbrev  0x0000009e       0xc9 /usr/lib/gcc/arm-none-eabi/14.1.0/../../../../arm-none-eabi/lib/thumb/v7-m/nofp/libc_nano.a(libc_a-init.o)
 .debug_abbrev  0x00000167      0x261 CMakeFiles/LED.dir/Core/Src/main.c.obj
 .debug_abbrev  0x000003c8      0x13f CMakeFiles/LED.dir/Core/Src/gpio.c.obj
 .debug_abbrev  0x00000507      0x1b8 CMakeFiles/LED.dir/Core/Src/rtc.c.obj
 .debug_abbrev  0x000006bf      0x20e CMakeFiles/LED.dir/Core/Src/tim.c.obj
 .debug_abbrev  0x000008cd      0x191 CMakeFiles/LED.dir/Core/Src/stm32f1xx_it.c.obj
 .debug_abbrev  0x00000a5e       0xdb CMakeFiles/LED.dir/Core/Src/stm32f1xx_hal_msp.c.obj
 .debug_abbrev  0x00000b39      0x23a CMakeFiles/LED.dir/Drivers/STM32F1xx_HAL_Driver/Src/stm32f1xx_hal_rtc.c.obj
 .debug_abbrev  0x00000d73      0x201 CMakeFiles/LED.dir/Drivers/STM32F1xx_HAL_Driver/Src/stm32f1xx_hal.c.obj
 .debug_abbrev  0x00000f74      0x2b3 CMakeFiles/LED.dir/Drivers/STM32F1xx_HAL_Driver/Src/stm32f1xx_hal_rcc.c.obj
 .debug_abbrev  0x00001227      0x188 CMakeFiles/LED.dir/Drivers/STM32F1xx_HAL_Driver/Src/stm32f1xx_hal_rcc_ex.c.obj
 .debug_abbrev  0x000013af      0x1ca CMakeFiles/LED.dir/Drivers/STM32F1xx_HAL_Driver/Src/stm32f1xx_hal_gpio.c.obj
 .debug_abbrev  0x00001579      0x2f8 CMakeFiles/LED.dir/Drivers/STM32F1xx_HAL_Driver/Src/stm32f1xx_hal_cortex.c.obj
 .debug_abbrev  0x00001871      0x1f6 CMakeFiles/LED.dir/Drivers/STM32F1xx_HAL_Driver/Src/stm32f1xx_hal_pwr.c.obj
 .debug_abbrev  0x00001a67      0x277 CMakeFiles/LED.dir/Drivers/STM32F1xx_HAL_Driver/Src/stm32f1xx_hal_tim.c.obj
 .debug_abbrev  0x00001cde      0x282 CMakeFiles/LED.dir/Drivers/STM32F1xx_HAL_Driver/Src/stm32f1xx_hal_tim_ex.c.obj
 .debug_abbrev  0x00001f60      0x13f CMakeFiles/LED.dir/Core/Src/system_stm32f1xx.c.obj
 .debug_abbrev  0x0000209f       0x24 CMakeFiles/LED.dir/startup_stm32f103xb.s.obj

.debug_loclists
                0x00000000       0x6f
 .debug_loclists
                0x00000000       0x3b /usr/lib/gcc/arm-none-eabi/14.1.0/../../../../arm-none-eabi/lib/thumb/v7-m/nofp/libc_nano.a(libc_a-memset.o)
 .debug_loclists
                0x0000003b       0x34 /usr/lib/gcc/arm-none-eabi/14.1.0/../../../../arm-none-eabi/lib/thumb/v7-m/nofp/libc_nano.a(libc_a-init.o)

.debug_aranges  0x00000000      0xba8
 .debug_aranges
                0x00000000       0x20 /usr/lib/gcc/arm-none-eabi/14.1.0/../../../../arm-none-eabi/lib/thumb/v7-m/nofp/libc_nano.a(libc_a-memset.o)
 .debug_aranges
                0x00000020       0x20 /usr/lib/gcc/arm-none-eabi/14.1.0/../../../../arm-none-eabi/lib/thumb/v7-m/nofp/libc_nano.a(libc_a-init.o)
 .debug_aranges
                0x00000040       0x40 CMakeFiles/LED.dir/Core/Src/main.c.obj
 .debug_aranges
                0x00000080       0x20 CMakeFiles/LED.dir/Core/Src/gpio.c.obj
 .debug_aranges
                0x000000a0       0x30 CMakeFiles/LED.dir/Core/Src/rtc.c.obj
 .debug_aranges
                0x000000d0       0x30 CMakeFiles/LED.dir/Core/Src/tim.c.obj
 .debug_aranges
                0x00000100       0x68 CMakeFiles/LED.dir/Core/Src/stm32f1xx_it.c.obj
 .debug_aranges
                0x00000168       0x20 CMakeFiles/LED.dir/Core/Src/stm32f1xx_hal_msp.c.obj
 .debug_aranges
                0x00000188       0xf8 CMakeFiles/LED.dir/Drivers/STM32F1xx_HAL_Driver/Src/stm32f1xx_hal_rtc.c.obj
 .debug_aranges
                0x00000280       0xe0 CMakeFiles/LED.dir/Drivers/STM32F1xx_HAL_Driver/Src/stm32f1xx_hal.c.obj
 .debug_aranges
                0x00000360       0x90 CMakeFiles/LED.dir/Drivers/STM32F1xx_HAL_Driver/Src/stm32f1xx_hal_rcc.c.obj
 .debug_aranges
                0x000003f0       0x30 CMakeFiles/LED.dir/Drivers/STM32F1xx_HAL_Driver/Src/stm32f1xx_hal_rcc_ex.c.obj
 .debug_aranges
                0x00000420       0x58 CMakeFiles/LED.dir/Drivers/STM32F1xx_HAL_Driver/Src/stm32f1xx_hal_gpio.c.obj
 .debug_aranges
                0x00000478      0x100 CMakeFiles/LED.dir/Drivers/STM32F1xx_HAL_Driver/Src/stm32f1xx_hal_cortex.c.obj
 .debug_aranges
                0x00000578       0xa8 CMakeFiles/LED.dir/Drivers/STM32F1xx_HAL_Driver/Src/stm32f1xx_hal_pwr.c.obj
 .debug_aranges
                0x00000620      0x3d0 CMakeFiles/LED.dir/Drivers/STM32F1xx_HAL_Driver/Src/stm32f1xx_hal_tim.c.obj
 .debug_aranges
                0x000009f0      0x168 CMakeFiles/LED.dir/Drivers/STM32F1xx_HAL_Driver/Src/stm32f1xx_hal_tim_ex.c.obj
 .debug_aranges
                0x00000b58       0x28 CMakeFiles/LED.dir/Core/Src/system_stm32f1xx.c.obj
 .debug_aranges
                0x00000b80       0x28 CMakeFiles/LED.dir/startup_stm32f103xb.s.obj

.debug_rnglists
                0x00000000      0x8d8
 .debug_rnglists
                0x00000000       0x13 /usr/lib/gcc/arm-none-eabi/14.1.0/../../../../arm-none-eabi/lib/thumb/v7-m/nofp/libc_nano.a(libc_a-memset.o)
 .debug_rnglists
                0x00000013       0x13 /usr/lib/gcc/arm-none-eabi/14.1.0/../../../../arm-none-eabi/lib/thumb/v7-m/nofp/libc_nano.a(libc_a-init.o)
 .debug_rnglists
                0x00000026       0x2c CMakeFiles/LED.dir/Core/Src/main.c.obj
 .debug_rnglists
                0x00000052       0x14 CMakeFiles/LED.dir/Core/Src/gpio.c.obj
 .debug_rnglists
                0x00000066       0x1f CMakeFiles/LED.dir/Core/Src/rtc.c.obj
 .debug_rnglists
                0x00000085       0x20 CMakeFiles/LED.dir/Core/Src/tim.c.obj
 .debug_rnglists
                0x000000a5       0x49 CMakeFiles/LED.dir/Core/Src/stm32f1xx_it.c.obj
 .debug_rnglists
                0x000000ee       0x13 CMakeFiles/LED.dir/Core/Src/stm32f1xx_hal_msp.c.obj
 .debug_rnglists
                0x00000101       0xc1 CMakeFiles/LED.dir/Drivers/STM32F1xx_HAL_Driver/Src/stm32f1xx_hal_rtc.c.obj
 .debug_rnglists
                0x000001c2       0xa3 CMakeFiles/LED.dir/Drivers/STM32F1xx_HAL_Driver/Src/stm32f1xx_hal.c.obj
 .debug_rnglists
                0x00000265       0x6c CMakeFiles/LED.dir/Drivers/STM32F1xx_HAL_Driver/Src/stm32f1xx_hal_rcc.c.obj
 .debug_rnglists
                0x000002d1       0x21 CMakeFiles/LED.dir/Drivers/STM32F1xx_HAL_Driver/Src/stm32f1xx_hal_rcc_ex.c.obj
 .debug_rnglists
                0x000002f2       0x3f CMakeFiles/LED.dir/Drivers/STM32F1xx_HAL_Driver/Src/stm32f1xx_hal_gpio.c.obj
 .debug_rnglists
                0x00000331       0xbb CMakeFiles/LED.dir/Drivers/STM32F1xx_HAL_Driver/Src/stm32f1xx_hal_cortex.c.obj
 .debug_rnglists
                0x000003ec       0x7a CMakeFiles/LED.dir/Drivers/STM32F1xx_HAL_Driver/Src/stm32f1xx_hal_pwr.c.obj
 .debug_rnglists
                0x00000466      0x31a CMakeFiles/LED.dir/Drivers/STM32F1xx_HAL_Driver/Src/stm32f1xx_hal_tim.c.obj
 .debug_rnglists
                0x00000780      0x125 CMakeFiles/LED.dir/Drivers/STM32F1xx_HAL_Driver/Src/stm32f1xx_hal_tim_ex.c.obj
 .debug_rnglists
                0x000008a5       0x1a CMakeFiles/LED.dir/Core/Src/system_stm32f1xx.c.obj
 .debug_rnglists
                0x000008bf       0x19 CMakeFiles/LED.dir/startup_stm32f103xb.s.obj

.debug_line     0x00000000     0xb863
 .debug_line    0x00000000      0x123 /usr/lib/gcc/arm-none-eabi/14.1.0/../../../../arm-none-eabi/lib/thumb/v7-m/nofp/libc_nano.a(libc_a-memset.o)
 .debug_line    0x00000123      0x112 /usr/lib/gcc/arm-none-eabi/14.1.0/../../../../arm-none-eabi/lib/thumb/v7-m/nofp/libc_nano.a(libc_a-init.o)
 .debug_line    0x00000235      0x603 CMakeFiles/LED.dir/Core/Src/main.c.obj
 .debug_line    0x00000838      0x540 CMakeFiles/LED.dir/Core/Src/gpio.c.obj
 .debug_line    0x00000d78      0x578 CMakeFiles/LED.dir/Core/Src/rtc.c.obj
 .debug_line    0x000012f0      0x5a0 CMakeFiles/LED.dir/Core/Src/tim.c.obj
 .debug_line    0x00001890      0x5f7 CMakeFiles/LED.dir/Core/Src/stm32f1xx_it.c.obj
 .debug_line    0x00001e87      0x531 CMakeFiles/LED.dir/Core/Src/stm32f1xx_hal_msp.c.obj
 .debug_line    0x000023b8      0xfef CMakeFiles/LED.dir/Drivers/STM32F1xx_HAL_Driver/Src/stm32f1xx_hal_rtc.c.obj
 .debug_line    0x000033a7      0x7e0 CMakeFiles/LED.dir/Drivers/STM32F1xx_HAL_Driver/Src/stm32f1xx_hal.c.obj
 .debug_line    0x00003b87      0xc99 CMakeFiles/LED.dir/Drivers/STM32F1xx_HAL_Driver/Src/stm32f1xx_hal_rcc.c.obj
 .debug_line    0x00004820      0x74a CMakeFiles/LED.dir/Drivers/STM32F1xx_HAL_Driver/Src/stm32f1xx_hal_rcc_ex.c.obj
 .debug_line    0x00004f6a      0x83d CMakeFiles/LED.dir/Drivers/STM32F1xx_HAL_Driver/Src/stm32f1xx_hal_gpio.c.obj
 .debug_line    0x000057a7      0x9aa CMakeFiles/LED.dir/Drivers/STM32F1xx_HAL_Driver/Src/stm32f1xx_hal_cortex.c.obj
 .debug_line    0x00006151      0x784 CMakeFiles/LED.dir/Drivers/STM32F1xx_HAL_Driver/Src/stm32f1xx_hal_pwr.c.obj
 .debug_line    0x000068d5     0x32b3 CMakeFiles/LED.dir/Drivers/STM32F1xx_HAL_Driver/Src/stm32f1xx_hal_tim.c.obj
 .debug_line    0x00009b88     0x16b4 CMakeFiles/LED.dir/Drivers/STM32F1xx_HAL_Driver/Src/stm32f1xx_hal_tim_ex.c.obj
 .debug_line    0x0000b23c      0x5af CMakeFiles/LED.dir/Core/Src/system_stm32f1xx.c.obj
 .debug_line    0x0000b7eb       0x78 CMakeFiles/LED.dir/startup_stm32f103xb.s.obj

.debug_str      0x00000000    0x8696f
 .debug_str     0x00000000    0x8696f /usr/lib/gcc/arm-none-eabi/14.1.0/../../../../arm-none-eabi/lib/thumb/v7-m/nofp/libc_nano.a(libc_a-memset.o)
                                0x1b7 (size before relaxing)
 .debug_str     0x0008696f      0x218 /usr/lib/gcc/arm-none-eabi/14.1.0/../../../../arm-none-eabi/lib/thumb/v7-m/nofp/libc_nano.a(libc_a-init.o)
 .debug_str     0x0008696f    0x83bb8 CMakeFiles/LED.dir/Core/Src/main.c.obj
 .debug_str     0x0008696f    0x834dc CMakeFiles/LED.dir/Core/Src/gpio.c.obj
 .debug_str     0x0008696f    0x8364a CMakeFiles/LED.dir/Core/Src/rtc.c.obj
 .debug_str     0x0008696f    0x83d85 CMakeFiles/LED.dir/Core/Src/tim.c.obj
 .debug_str     0x0008696f    0x8396a CMakeFiles/LED.dir/Core/Src/stm32f1xx_it.c.obj
 .debug_str     0x0008696f    0x83464 CMakeFiles/LED.dir/Core/Src/stm32f1xx_hal_msp.c.obj
 .debug_str     0x0008696f    0x8399a CMakeFiles/LED.dir/Drivers/STM32F1xx_HAL_Driver/Src/stm32f1xx_hal_rtc.c.obj
 .debug_str     0x0008696f    0x83bc2 CMakeFiles/LED.dir/Drivers/STM32F1xx_HAL_Driver/Src/stm32f1xx_hal.c.obj
 .debug_str     0x0008696f    0x838be CMakeFiles/LED.dir/Drivers/STM32F1xx_HAL_Driver/Src/stm32f1xx_hal_rcc.c.obj
 .debug_str     0x0008696f    0x8360e CMakeFiles/LED.dir/Drivers/STM32F1xx_HAL_Driver/Src/stm32f1xx_hal_rcc_ex.c.obj
 .debug_str     0x0008696f    0x83815 CMakeFiles/LED.dir/Drivers/STM32F1xx_HAL_Driver/Src/stm32f1xx_hal_gpio.c.obj
 .debug_str     0x0008696f    0x83b0e CMakeFiles/LED.dir/Drivers/STM32F1xx_HAL_Driver/Src/stm32f1xx_hal_cortex.c.obj
 .debug_str     0x0008696f    0x839c6 CMakeFiles/LED.dir/Drivers/STM32F1xx_HAL_Driver/Src/stm32f1xx_hal_pwr.c.obj
 .debug_str     0x0008696f    0x848b0 CMakeFiles/LED.dir/Drivers/STM32F1xx_HAL_Driver/Src/stm32f1xx_hal_tim.c.obj
 .debug_str     0x0008696f    0x840cc CMakeFiles/LED.dir/Drivers/STM32F1xx_HAL_Driver/Src/stm32f1xx_hal_tim_ex.c.obj
 .debug_str     0x0008696f    0x8348f CMakeFiles/LED.dir/Core/Src/system_stm32f1xx.c.obj
 .debug_str     0x0008696f       0x62 CMakeFiles/LED.dir/startup_stm32f103xb.s.obj

.comment        0x00000000       0x3c
 .comment       0x00000000       0x3c /usr/lib/gcc/arm-none-eabi/14.1.0/../../../../arm-none-eabi/lib/thumb/v7-m/nofp/libc_nano.a(libc_a-memset.o)
                                 0x1f (size before relaxing)
 .comment       0x0000003c       0x1f /usr/lib/gcc/arm-none-eabi/14.1.0/../../../../arm-none-eabi/lib/thumb/v7-m/nofp/libc_nano.a(libc_a-init.o)
 .comment       0x0000003c       0x1f CMakeFiles/LED.dir/Core/Src/main.c.obj
 .comment       0x0000003c       0x1f CMakeFiles/LED.dir/Core/Src/gpio.c.obj
 .comment       0x0000003c       0x1f CMakeFiles/LED.dir/Core/Src/rtc.c.obj
 .comment       0x0000003c       0x1f CMakeFiles/LED.dir/Core/Src/tim.c.obj
 .comment       0x0000003c       0x1f CMakeFiles/LED.dir/Core/Src/stm32f1xx_it.c.obj
 .comment       0x0000003c       0x1f CMakeFiles/LED.dir/Core/Src/stm32f1xx_hal_msp.c.obj
 .comment       0x0000003c       0x1f CMakeFiles/LED.dir/Drivers/STM32F1xx_HAL_Driver/Src/stm32f1xx_hal_rtc.c.obj
 .comment       0x0000003c       0x1f CMakeFiles/LED.dir/Drivers/STM32F1xx_HAL_Driver/Src/stm32f1xx_hal.c.obj
 .comment       0x0000003c       0x1f CMakeFiles/LED.dir/Drivers/STM32F1xx_HAL_Driver/Src/stm32f1xx_hal_rcc.c.obj
 .comment       0x0000003c       0x1f CMakeFiles/LED.dir/Drivers/STM32F1xx_HAL_Driver/Src/stm32f1xx_hal_rcc_ex.c.obj
 .comment       0x0000003c       0x1f CMakeFiles/LED.dir/Drivers/STM32F1xx_HAL_Driver/Src/stm32f1xx_hal_gpio.c.obj
 .comment       0x0000003c       0x1f CMakeFiles/LED.dir/Drivers/STM32F1xx_HAL_Driver/Src/stm32f1xx_hal_cortex.c.obj
 .comment       0x0000003c       0x1f CMakeFiles/LED.dir/Drivers/STM32F1xx_HAL_Driver/Src/stm32f1xx_hal_pwr.c.obj
 .comment       0x0000003c       0x1f CMakeFiles/LED.dir/Drivers/STM32F1xx_HAL_Driver/Src/stm32f1xx_hal_tim.c.obj
 .comment       0x0000003c       0x1f CMakeFiles/LED.dir/Drivers/STM32F1xx_HAL_Driver/Src/stm32f1xx_hal_tim_ex.c.obj
 .comment       0x0000003c       0x1f CMakeFiles/LED.dir/Core/Src/system_stm32f1xx.c.obj

.debug_frame    0x00000000     0x2da4
 .debug_frame   0x00000000       0x20 /usr/lib/gcc/arm-none-eabi/14.1.0/../../../../arm-none-eabi/lib/thumb/v7-m/nofp/libc_nano.a(libc_a-memset.o)
 .debug_frame   0x00000020       0x2c /usr/lib/gcc/arm-none-eabi/14.1.0/../../../../arm-none-eabi/lib/thumb/v7-m/nofp/libc_nano.a(libc_a-init.o)
 .debug_frame   0x0000004c       0xa8 CMakeFiles/LED.dir/Core/Src/main.c.obj
 .debug_frame   0x000000f4       0x34 CMakeFiles/LED.dir/Core/Src/gpio.c.obj
 .debug_frame   0x00000128       0x78 CMakeFiles/LED.dir/Core/Src/rtc.c.obj
 .debug_frame   0x000001a0       0x7c CMakeFiles/LED.dir/Core/Src/tim.c.obj
 .debug_frame   0x0000021c      0x120 CMakeFiles/LED.dir/Core/Src/stm32f1xx_it.c.obj
 .debug_frame   0x0000033c       0x38 CMakeFiles/LED.dir/Core/Src/stm32f1xx_hal_msp.c.obj
 .debug_frame   0x00000374      0x434 CMakeFiles/LED.dir/Drivers/STM32F1xx_HAL_Driver/Src/stm32f1xx_hal_rtc.c.obj
 .debug_frame   0x000007a8      0x334 CMakeFiles/LED.dir/Drivers/STM32F1xx_HAL_Driver/Src/stm32f1xx_hal.c.obj
 .debug_frame   0x00000adc      0x218 CMakeFiles/LED.dir/Drivers/STM32F1xx_HAL_Driver/Src/stm32f1xx_hal_rcc.c.obj
 .debug_frame   0x00000cf4       0x80 CMakeFiles/LED.dir/Drivers/STM32F1xx_HAL_Driver/Src/stm32f1xx_hal_rcc_ex.c.obj
 .debug_frame   0x00000d74      0x14c CMakeFiles/LED.dir/Drivers/STM32F1xx_HAL_Driver/Src/stm32f1xx_hal_gpio.c.obj
 .debug_frame   0x00000ec0      0x428 CMakeFiles/LED.dir/Drivers/STM32F1xx_HAL_Driver/Src/stm32f1xx_hal_cortex.c.obj
 .debug_frame   0x000012e8      0x270 CMakeFiles/LED.dir/Drivers/STM32F1xx_HAL_Driver/Src/stm32f1xx_hal_pwr.c.obj
 .debug_frame   0x00001558     0x11bc CMakeFiles/LED.dir/Drivers/STM32F1xx_HAL_Driver/Src/stm32f1xx_hal_tim.c.obj
 .debug_frame   0x00002714      0x638 CMakeFiles/LED.dir/Drivers/STM32F1xx_HAL_Driver/Src/stm32f1xx_hal_tim_ex.c.obj
 .debug_frame   0x00002d4c       0x58 CMakeFiles/LED.dir/Core/Src/system_stm32f1xx.c.obj

.debug_macro    0x00000000    0x17494
 .debug_macro   0x00000000      0x1d9 CMakeFiles/LED.dir/Core/Src/main.c.obj
 .debug_macro   0x000001d9      0xacc CMakeFiles/LED.dir/Core/Src/main.c.obj
 .debug_macro   0x00000ca5      0x21b CMakeFiles/LED.dir/Core/Src/main.c.obj
 .debug_macro   0x00000ec0       0x2e CMakeFiles/LED.dir/Core/Src/main.c.obj
 .debug_macro   0x00000eee       0x22 CMakeFiles/LED.dir/Core/Src/main.c.obj
 .debug_macro   0x00000f10       0x22 CMakeFiles/LED.dir/Core/Src/main.c.obj
 .debug_macro   0x00000f32       0x8e CMakeFiles/LED.dir/Core/Src/main.c.obj
 .debug_macro   0x00000fc0       0x51 CMakeFiles/LED.dir/Core/Src/main.c.obj
 .debug_macro   0x00001011      0x103 CMakeFiles/LED.dir/Core/Src/main.c.obj
 .debug_macro   0x00001114       0x6a CMakeFiles/LED.dir/Core/Src/main.c.obj
 .debug_macro   0x0000117e      0x1df CMakeFiles/LED.dir/Core/Src/main.c.obj
 .debug_macro   0x0000135d       0x1c CMakeFiles/LED.dir/Core/Src/main.c.obj
 .debug_macro   0x00001379       0x22 CMakeFiles/LED.dir/Core/Src/main.c.obj
 .debug_macro   0x0000139b       0xbd CMakeFiles/LED.dir/Core/Src/main.c.obj
 .debug_macro   0x00001458      0xd23 CMakeFiles/LED.dir/Core/Src/main.c.obj
 .debug_macro   0x0000217b     0xe09e CMakeFiles/LED.dir/Core/Src/main.c.obj
 .debug_macro   0x00010219       0x6d CMakeFiles/LED.dir/Core/Src/main.c.obj
 .debug_macro   0x00010286     0x348d CMakeFiles/LED.dir/Core/Src/main.c.obj
 .debug_macro   0x00013713      0x190 CMakeFiles/LED.dir/Core/Src/main.c.obj
 .debug_macro   0x000138a3       0x5c CMakeFiles/LED.dir/Core/Src/main.c.obj
 .debug_macro   0x000138ff      0x5bc CMakeFiles/LED.dir/Core/Src/main.c.obj
 .debug_macro   0x00013ebb      0x289 CMakeFiles/LED.dir/Core/Src/main.c.obj
 .debug_macro   0x00014144      0x1cb CMakeFiles/LED.dir/Core/Src/main.c.obj
 .debug_macro   0x0001430f      0x114 CMakeFiles/LED.dir/Core/Src/main.c.obj
 .debug_macro   0x00014423      0x1b2 CMakeFiles/LED.dir/Core/Src/main.c.obj
 .debug_macro   0x000145d5       0x27 CMakeFiles/LED.dir/Core/Src/main.c.obj
 .debug_macro   0x000145fc      0x136 CMakeFiles/LED.dir/Core/Src/main.c.obj
 .debug_macro   0x00014732      0x1bc CMakeFiles/LED.dir/Core/Src/main.c.obj
 .debug_macro   0x000148ee       0x34 CMakeFiles/LED.dir/Core/Src/main.c.obj
 .debug_macro   0x00014922       0x3c CMakeFiles/LED.dir/Core/Src/main.c.obj
 .debug_macro   0x0001495e       0x57 CMakeFiles/LED.dir/Core/Src/main.c.obj
 .debug_macro   0x000149b5       0x87 CMakeFiles/LED.dir/Core/Src/main.c.obj
 .debug_macro   0x00014a3c      0x240 CMakeFiles/LED.dir/Core/Src/main.c.obj
 .debug_macro   0x00014c7c      0x140 CMakeFiles/LED.dir/Core/Src/main.c.obj
 .debug_macro   0x00014dbc      0x1ef CMakeFiles/LED.dir/Core/Src/main.c.obj
 .debug_macro   0x00014fab       0xeb CMakeFiles/LED.dir/Core/Src/main.c.obj
 .debug_macro   0x00015096      0x8ed CMakeFiles/LED.dir/Core/Src/main.c.obj
 .debug_macro   0x00015983       0x83 CMakeFiles/LED.dir/Core/Src/main.c.obj
 .debug_macro   0x00015a06      0x1c1 CMakeFiles/LED.dir/Core/Src/gpio.c.obj
 .debug_macro   0x00015bc7      0x1c1 CMakeFiles/LED.dir/Core/Src/rtc.c.obj
 .debug_macro   0x00015d88      0x1c1 CMakeFiles/LED.dir/Core/Src/tim.c.obj
 .debug_macro   0x00015f49      0x1c1 CMakeFiles/LED.dir/Core/Src/stm32f1xx_it.c.obj
 .debug_macro   0x0001610a      0x1b7 CMakeFiles/LED.dir/Core/Src/stm32f1xx_hal_msp.c.obj
 .debug_macro   0x000162c1      0x1bc CMakeFiles/LED.dir/Drivers/STM32F1xx_HAL_Driver/Src/stm32f1xx_hal_rtc.c.obj
 .debug_macro   0x0001647d      0x1d1 CMakeFiles/LED.dir/Drivers/STM32F1xx_HAL_Driver/Src/stm32f1xx_hal.c.obj
 .debug_macro   0x0001664e      0x1bf CMakeFiles/LED.dir/Drivers/STM32F1xx_HAL_Driver/Src/stm32f1xx_hal_rcc.c.obj
 .debug_macro   0x0001680d      0x1ad CMakeFiles/LED.dir/Drivers/STM32F1xx_HAL_Driver/Src/stm32f1xx_hal_rcc_ex.c.obj
 .debug_macro   0x000169ba      0x218 CMakeFiles/LED.dir/Drivers/STM32F1xx_HAL_Driver/Src/stm32f1xx_hal_gpio.c.obj
 .debug_macro   0x00016bd2      0x1ad CMakeFiles/LED.dir/Drivers/STM32F1xx_HAL_Driver/Src/stm32f1xx_hal_cortex.c.obj
 .debug_macro   0x00016d7f      0x20d CMakeFiles/LED.dir/Drivers/STM32F1xx_HAL_Driver/Src/stm32f1xx_hal_pwr.c.obj
 .debug_macro   0x00016f8c      0x1ae CMakeFiles/LED.dir/Drivers/STM32F1xx_HAL_Driver/Src/stm32f1xx_hal_tim.c.obj
 .debug_macro   0x0001713a      0x1ad CMakeFiles/LED.dir/Drivers/STM32F1xx_HAL_Driver/Src/stm32f1xx_hal_tim_ex.c.obj
 .debug_macro   0x000172e7      0x1ad CMakeFiles/LED.dir/Core/Src/system_stm32f1xx.c.obj

.debug_line_str
                0x00000000       0x48
 .debug_line_str
                0x00000000       0x48 CMakeFiles/LED.dir/startup_stm32f103xb.s.obj
